[2026-05-04T17:22:48.081207Z] Helper 5 telemetry log initialized
[2026-05-04T17:25:09.926816Z] {"ts":"2026-05-04T17:25:09.922Z","elapsed_ms":6,"type":"INIT","message":"Helper 5 instrumentation loaded","url":"http://127.0.0.1:8080/"}
[2026-05-04T17:25:09.929512Z] {"ts":"2026-05-04T17:25:09.923Z","elapsed_ms":7,"type":"INIT","message":"apiClient wrapped","methods":["healthCheck","createJob","getJob","listJobs","getResults","dispatchJob"]}
[2026-05-04T17:25:09.939237Z] {"ts":"2026-05-04T17:25:09.925Z","elapsed_ms":9,"type":"API_CALL_START","method":"healthCheck","args":[]}
[2026-05-04T17:25:10.022884Z] {"ts":"2026-05-04T17:25:10.012Z","elapsed_ms":96,"type":"API_CALL_RESULT","method":"healthCheck","result":{"status":"ok","version":"0.3.0-E.1"}}
[2026-05-04T17:25:14.934042Z] {"ts":"2026-05-04T17:25:14.928Z","elapsed_ms":5012,"type":"PROJECT_CHANGE","size":188,"preview":"{\"trade\":\"roofing\",\"bidSetName\":null,\"numPages\":0,\"pageClasses\":{},\"scope\":{\"systems\":[],\"rawText\":\"\",\"lastScanAt\":null},\"annotations\":{\"byPage\":{},\"areas\":[],\"pins\":[],\"lineSegments\":[]}}"}
[2026-05-04T17:25:39.952777Z] {"ts":"2026-05-04T17:25:39.946Z","elapsed_ms":30030,"type":"API_CALL_START","method":"healthCheck","args":[]}
[2026-05-04T17:25:39.967873Z] {"ts":"2026-05-04T17:25:39.962Z","elapsed_ms":30046,"type":"API_CALL_RESULT","method":"healthCheck","result":{"status":"ok","version":"0.3.0-E.1"}}
[2026-05-04T17:25:40.895021Z] {"ts":"2026-05-04T17:25:40.890Z","elapsed_ms":30974,"type":"PROJECT_CHANGE","size":1135,"preview":"{\"trade\":\"roofing\",\"bidSetName\":\"B2607 AEA Silverleaf - St Augustine - Accelerated Construction Services (6).pdf\",\"numPages\":40,\"pageClasses\":{\"0\":{\"kind\":\"OTHER\"},\"1\":{\"kind\":\"OTHER\"},\"2\":{\"kind\":\"OTHER\"},\"3\":{\"kind\":\"OTHER\"},\"4\":{\"kind\":\"OTHER\"},\"5\":{\"kind\":\"OTHER\"},\"6\":{\"kind\":\"OTHER\"},\"7\":{\"kind\":\"OTHER\"},\"8\":{\"kind\":\"OTHER\"},\"9\":{\"kind\":\"OTHER\"},\"10\":{\"kind\":\"OTHER\"},\"11\":{\"kind\":\"OTHER\"},\"12\":{\"kind\":\"OTHER\"},\"13\":{\"kind\":\"OTHER\"},\"14\":{\"kind\":\"OTHER\"},\"15\":{\"kind\":\"OTHER\"},\"16\":{\"kind\":\"O"}
[2026-05-04T17:26:10.610276Z] {"ts":"2026-05-04T17:26:10.604Z","elapsed_ms":60688,"type":"API_CALL_START","method":"healthCheck","args":[]}
[2026-05-04T17:26:10.620168Z] {"ts":"2026-05-04T17:26:10.616Z","elapsed_ms":60700,"type":"API_CALL_RESULT","method":"healthCheck","result":{"status":"ok","version":"0.3.0-E.1"}}
[2026-05-04T17:26:20.908746Z] {"ts":"2026-05-04T17:26:20.903Z","elapsed_ms":70987,"type":"KEYBOARD","key":"Control","ctrl":true,"alt":false,"shift":false,"meta":false}
[2026-05-04T17:26:21.268409Z] {"ts":"2026-05-04T17:26:21.264Z","elapsed_ms":71348,"type":"KEYBOARD","key":"v","ctrl":true,"alt":false,"shift":false,"meta":false}
[2026-05-04T17:26:25.785615Z] {"ts":"2026-05-04T17:26:25.779Z","elapsed_ms":75863,"type":"CLICK","tag":"BUTTON","id":"btnRunDispatch","text":"▸ RUN DISPATCH","classes":"btn"}
[2026-05-04T17:26:25.788577Z] {"ts":"2026-05-04T17:26:25.781Z","elapsed_ms":75865,"type":"API_CALL_START","method":"createJob","args":[{"name":"B2607 AEA Silverleaf - St Augustine - Accelerated Construction Services (6).pdf","pdf_path":"\"C:\\huck stage 2\\huckleberry\\backend\\test_plans\\B2607 AEA Silverleaf - St Augustine - Accelerated Construction Services (6).pdf\"","trade_scope":"roofing"}]}
[2026-05-04T17:26:25.807615Z] {"ts":"2026-05-04T17:26:25.803Z","elapsed_ms":75887,"type":"API_CALL_START","method":"healthCheck","args":[]}
[2026-05-04T17:26:25.809808Z] {"ts":"2026-05-04T17:26:25.804Z","elapsed_ms":75888,"type":"API_CALL_ERROR","method":"createJob","error":"TypeError: Failed to fetch"}
[2026-05-04T17:26:26.018331Z] {"ts":"2026-05-04T17:26:26.013Z","elapsed_ms":76097,"type":"API_CALL_RESULT","method":"healthCheck","result":{"status":"ok","version":"0.3.0-E.1"}}
[2026-05-04T17:26:35.736653Z] {"ts":"2026-05-04T17:26:35.730Z","elapsed_ms":85814,"type":"CLICK","tag":"BUTTON","id":"btnRunDispatch","text":"▸ RUN DISPATCH","classes":"btn"}
[2026-05-04T17:26:35.740460Z] {"ts":"2026-05-04T17:26:35.731Z","elapsed_ms":85815,"type":"API_CALL_START","method":"createJob","args":[{"name":"B2607 AEA Silverleaf - St Augustine - Accelerated Construction Services (6).pdf","pdf_path":"\"C:\\huck stage 2\\huckleberry\\backend\\test_plans\\B2607 AEA Silverleaf - St Augustine - Accelerated Construction Services (6).pdf\"","trade_scope":"roofing"}]}
[2026-05-04T17:26:35.750788Z] {"ts":"2026-05-04T17:26:35.744Z","elapsed_ms":85828,"type":"API_CALL_START","method":"healthCheck","args":[]}
[2026-05-04T17:26:35.753233Z] {"ts":"2026-05-04T17:26:35.746Z","elapsed_ms":85830,"type":"API_CALL_ERROR","method":"createJob","error":"TypeError: Failed to fetch"}
[2026-05-04T17:26:35.766208Z] {"ts":"2026-05-04T17:26:35.761Z","elapsed_ms":85845,"type":"API_CALL_RESULT","method":"healthCheck","result":{"status":"ok","version":"0.3.0-E.1"}}
[2026-05-04T17:26:39.935352Z] {"ts":"2026-05-04T17:26:39.930Z","elapsed_ms":90014,"type":"API_CALL_START","method":"healthCheck","args":[]}
[2026-05-04T17:26:39.942860Z] {"ts":"2026-05-04T17:26:39.939Z","elapsed_ms":90023,"type":"API_CALL_RESULT","method":"healthCheck","result":{"status":"ok","version":"0.3.0-E.1"}}
[2026-05-04T17:26:42.583520Z] {"ts":"2026-05-04T17:26:42.578Z","elapsed_ms":92662,"type":"CLICK","tag":"BUTTON","id":"btnRunDispatch","text":"▸ RUN DISPATCH","classes":"btn"}
[2026-05-04T17:26:42.585670Z] {"ts":"2026-05-04T17:26:42.579Z","elapsed_ms":92663,"type":"API_CALL_START","method":"createJob","args":[{"name":"B2607 AEA Silverleaf - St Augustine - Accelerated Construction Services (6).pdf","pdf_path":"\"C:\\huck stage 2\\huckleberry\\backend\\test_plans\\B2607 AEA Silverleaf - St Augustine - Accelerated Construction Services (6).pdf\"","trade_scope":"roofing"}]}
[2026-05-04T17:26:42.595274Z] {"ts":"2026-05-04T17:26:42.590Z","elapsed_ms":92674,"type":"API_CALL_START","method":"healthCheck","args":[]}
[2026-05-04T17:26:42.600565Z] {"ts":"2026-05-04T17:26:42.591Z","elapsed_ms":92675,"type":"API_CALL_ERROR","method":"createJob","error":"TypeError: Failed to fetch"}
[2026-05-04T17:26:42.611447Z] {"ts":"2026-05-04T17:26:42.606Z","elapsed_ms":92690,"type":"API_CALL_RESULT","method":"healthCheck","result":{"status":"ok","version":"0.3.0-E.1"}}
[2026-05-04T17:26:44.931614Z] {"ts":"2026-05-04T17:26:44.926Z","elapsed_ms":95010,"type":"CLICK","tag":"BUTTON","id":"btnRunDispatch","text":"▸ RUN DISPATCH","classes":"btn"}
[2026-05-04T17:26:44.934566Z] {"ts":"2026-05-04T17:26:44.927Z","elapsed_ms":95011,"type":"API_CALL_START","method":"createJob","args":[{"name":"B2607 AEA Silverleaf - St Augustine - Accelerated Construction Services (6).pdf","pdf_path":"\"C:\\huck stage 2\\huckleberry\\backend\\test_plans\\B2607 AEA Silverleaf - St Augustine - Accelerated Construction Services (6).pdf\"","trade_scope":"roofing"}]}
[2026-05-04T17:26:44.944543Z] {"ts":"2026-05-04T17:26:44.938Z","elapsed_ms":95022,"type":"API_CALL_START","method":"healthCheck","args":[]}
[2026-05-04T17:26:44.950072Z] {"ts":"2026-05-04T17:26:44.939Z","elapsed_ms":95023,"type":"API_CALL_ERROR","method":"createJob","error":"TypeError: Failed to fetch"}
[2026-05-04T17:26:44.960104Z] {"ts":"2026-05-04T17:26:44.955Z","elapsed_ms":95039,"type":"API_CALL_RESULT","method":"healthCheck","result":{"status":"ok","version":"0.3.0-E.1"}}
[2026-05-04T17:26:56.632195Z] {"ts":"2026-05-04T17:26:56.626Z","elapsed_ms":106710,"type":"CLICK","tag":"BUTTON","id":"btnRunDispatch","text":"▸ RUN DISPATCH","classes":"btn"}
[2026-05-04T17:26:56.635759Z] {"ts":"2026-05-04T17:26:56.627Z","elapsed_ms":106711,"type":"API_CALL_START","method":"createJob","args":[{"name":"B2607 AEA Silverleaf - St Augustine - Accelerated Construction Services (6).pdf","pdf_path":"C:\\huck stage 2\\huckleberry\\backend\\test_plans\\B2607 AEA Silverleaf - St Augustine - Accelerated Construction Services (6).pdf","trade_scope":"roofing"}]}
[2026-05-04T17:26:56.706999Z] {"ts":"2026-05-04T17:26:56.702Z","elapsed_ms":106786,"type":"API_CALL_RESULT","method":"createJob","result":{"id":"5e33f43f-daad-490c-bd2f-734f9c7eaea5","name":"B2607 AEA Silverleaf - St Augustine - Accelerated Construction Services (6).pdf","gc":null,"location_city":null,"location_state":null,"trade_scope":"roofing","bid_due_date":null,"notes":null,"status":"draft","created_at":"2026-05-04T17:26:56.636987+00:00","updated_at":"2026-05-04T17:26:56.636987+00:00","pdf_path":"C:\\huck stage 2\\huckleberry\\backend\\test_plans\\B2607 AEA Silverleaf - St Augustine - Accelerated Construction Services (6).pdf","pdf_sha1":"76dc89072dae77c1b476b60da85870f3d799cd31","dispatch_complete":false}}
[2026-05-04T17:26:56.709274Z] {"ts":"2026-05-04T17:26:56.703Z","elapsed_ms":106787,"type":"API_CALL_START","method":"dispatchJob","args":["5e33f43f-daad-490c-bd2f-734f9c7eaea5"]}
[2026-05-04T17:27:09.943245Z] {"ts":"2026-05-04T17:27:09.937Z","elapsed_ms":120021,"type":"API_CALL_START","method":"healthCheck","args":[]}
[2026-05-04T17:27:10.316792Z] {"ts":"2026-05-04T17:27:10.312Z","elapsed_ms":120396,"type":"API_CALL_RESULT","method":"healthCheck","result":{"status":"ok","version":"0.3.0-E.1"}}
[2026-05-04T17:27:39.947484Z] {"ts":"2026-05-04T17:27:39.942Z","elapsed_ms":150026,"type":"API_CALL_START","method":"healthCheck","args":[]}
[2026-05-04T17:27:40.379584Z] {"ts":"2026-05-04T17:27:40.375Z","elapsed_ms":150459,"type":"API_CALL_RESULT","method":"healthCheck","result":{"status":"ok","version":"0.3.0-E.1"}}
[2026-05-04T17:28:09.937676Z] {"ts":"2026-05-04T17:28:09.931Z","elapsed_ms":180016,"type":"API_CALL_START","method":"healthCheck","args":[]}
[2026-05-04T17:28:10.123396Z] {"ts":"2026-05-04T17:28:10.119Z","elapsed_ms":180203,"type":"API_CALL_RESULT","method":"healthCheck","result":{"status":"ok","version":"0.3.0-E.1"}}
[2026-05-04T17:28:39.945243Z] {"ts":"2026-05-04T17:28:39.939Z","elapsed_ms":210023,"type":"API_CALL_START","method":"healthCheck","args":[]}
[2026-05-04T17:28:40.488211Z] {"ts":"2026-05-04T17:28:40.484Z","elapsed_ms":210568,"type":"API_CALL_RESULT","method":"healthCheck","result":{"status":"ok","version":"0.3.0-E.1"}}
[2026-05-04T17:28:53.410422Z] {"ts":"2026-05-04T17:28:53.405Z","elapsed_ms":223489,"type":"API_CALL_RESULT","method":"dispatchJob","result":{"id":"5e33f43f-daad-490c-bd2f-734f9c7eaea5","name":"B2607 AEA Silverleaf - St Augustine - Accelerated Construction Services (6).pdf","gc":null,"location_city":null,"location_state":null,"trade_scope":"roofing","bid_due_date":null,"notes":null,"status":"dispatched","created_at":"2026-05-04T17:26:56.636987+00:00","updated_at":"2026-05-04T17:28:53.380353+00:00","pdf_path":"C:\\huck stage 2\\huckleberry\\backend\\test_plans\\B2607 AEA Silverleaf - St Augustine - Accelerated Construction Services (6).pdf","pdf_sha1":"76dc89072dae77c1b476b60da85870f3d799cd31","dispatch_complete":true}}
[2026-05-04T17:28:53.413550Z] {"ts":"2026-05-04T17:28:53.406Z","elapsed_ms":223490,"type":"API_CALL_START","method":"getResults","args":["5e33f43f-daad-490c-bd2f-734f9c7eaea5"]}
[2026-05-04T17:28:53.459536Z] {"ts":"2026-05-04T17:28:53.454Z","elapsed_ms":223538,"type":"API_CALL_RESULT","method":"getResults","result":"{\"job_id\":\"5e33f43f-daad-490c-bd2f-734f9c7eaea5\",\"dispatch_results\":{\"0\":{\"id\":712,\"job_id\":\"5e33f43f-daad-490c-bd2f-734f9c7eaea5\",\"page_idx\":0,\"page_type\":\"general_notes\",\"sheet_num\":\"S001\",\"sheet_title\":\"Colliers Engineering & \\nDesign, Inc. Colliers Engineering\\n&\",\"legends_count\":1,\"has_legend\":1,\"has_schedule\":0,\"raw_tables_json\":null,\"raw_tables\":null},\"1\":{\"id\":713,\"job_id\":\"5e33f43f-daad-490c-bd2f-734f9c7eaea5\",\"page_idx\":1,\"page_type\":\"general_notes\",\"sheet_num\":\"S002\",\"sheet_title\":\"Colliers Engineering & \\nDesign, Inc. Colliers Engineering\\n&\",\"legends_count\":4,\"has_legend\":1,\"has_schedule\":1,\"raw_tables_json\":null,\"raw_tables\":null},\"2\":{\"id\":714,\"job_id\":\"5e33f43f-daad-490c-bd2f-734f9c7eaea5\",\"page_idx\":2,\"page_type\":\"general_notes\",\"sheet_num\":\"S003\",\"sheet_title\":\"Colliers Engineering & \\nDesign, Inc. Colliers Engineering\\n&\",\"legends_count\":1,\"has_legend\":1,\"has_schedule\":1,\"raw_tables_json\":null,\"raw_tables\":null},\"3\":{\"id\":715,\"job_id\":\"5e33f43f-daad-490c-bd2f-734f9c7eaea5\",\"page_idx\":3,\"page_type\":\"schedule_sheet\",\"sheet_num\":\"S010\",\"sheet_title\":\"ZONE 2 ZONE 1 ZONE 1' EXISTING BUILDING PARAPETS EDGE ZONE (\",\"legends_count\":4,\"has_legend\":1,\"has_schedule\":1,\"raw_tables_json\":\"[[[\\\"8' - 5\\\\\\\"\\\\nZONE 3\\\\n\\\\\\\"5\\\\n-\\\\n'8\\\\nCOMPONENT AND CLADDING WIND LOAD SCHEDULE\\\\nEFFECTIVE ROOF WALLS PARAPETS\\\\nWIND AREA\\\\n2 1 '1 (SQ FT) ZONE 1' (PSF) ZONE 1 (PSF) ZONE 2 (PSF) ZONE 3 (PSF) INTERIOR ZONE (PSF) EDGE ZONE (PSF) INTERIOR ZONE (PSF) EDGE ZONE (PSF)\\\\nENOZ ENOZ ENOZ\\\\n<= 10 16.0/-32.2 16.0/-56.1 16.0/-74.0 16.0/-100.8 32.2/-34.9 32.2/-43.0 32.6/-74.8 32.6/-102.0\\\\n20 16.0/-32.2 16.0/-52.4 16.0/-69.2 16.0/-91.3 30.8/-33.5 30.8/-40.1 31.1/-70.0 31.1/-92.3\\\\n50 16.0/-32.2 16.0/-47.5 16.0/-62.9 16.0/-78.7 28.9/-31.6 28.9/-36.3 29.3/-63.7 29.3/-79.7\\\\n100 16.0/-32.2 16.0/-43.8 16.0/-58.2 16.0/-69.2 27.5/-30.2 27.5/-33.5 27.8/-58.8 27.8/-70.0\\\\n200 16.0/-27.7 16.0/-40.1 16.0/-53.4 16.0/-59.7 26.1/-28.7 26.1/-30.6 26.3/-54.0 26.3/-60.4\\\\n>=500 16.0/-21.8 16.0/-...[truncated]"}
[2026-05-04T17:28:56.814953Z] {"ts":"2026-05-04T17:28:56.809Z","elapsed_ms":226893,"type":"PROJECT_CHANGE","size":2675,"preview":"{\"trade\":\"roofing\",\"bidSetName\":\"B2607 AEA Silverleaf - St Augustine - Accelerated Construction Services (6).pdf\",\"numPages\":40,\"pageClasses\":{\"0\":{\"kind\":\"general_notes\",\"scores\":{},\"confidence\":\"high\"},\"1\":{\"kind\":\"general_notes\",\"scores\":{},\"confidence\":\"high\"},\"2\":{\"kind\":\"general_notes\",\"scores\":{},\"confidence\":\"high\"},\"3\":{\"kind\":\"schedule_sheet\",\"scores\":{},\"confidence\":\"high\"},\"4\":{\"kind\":\"framing_plan\",\"scores\":{},\"confidence\":\"high\"},\"5\":{\"kind\":\"framing_plan\",\"scores\":{},\"confidence\":"}
[2026-05-04T17:29:05.103537Z] {"ts":"2026-05-04T17:29:05.098Z","elapsed_ms":235182,"type":"CLICK","tag":"BUTTON","id":null,"text":"▸ REVIEW SCOPE","classes":"btn btn-ghost"}
[2026-05-04T17:29:09.931217Z] {"ts":"2026-05-04T17:29:09.926Z","elapsed_ms":240010,"type":"API_CALL_START","method":"healthCheck","args":[]}
[2026-05-04T17:29:09.940365Z] {"ts":"2026-05-04T17:29:09.936Z","elapsed_ms":240020,"type":"API_CALL_RESULT","method":"healthCheck","result":{"status":"ok","version":"0.3.0-E.1"}}
[2026-05-04T17:29:10.413103Z] {"ts":"2026-05-04T17:29:10.408Z","elapsed_ms":240492,"type":"CLICK","tag":"BUTTON","id":null,"text":"↻ RE-SCAN","classes":"btn btn-ghost"}
[2026-05-04T17:29:10.415129Z] {"ts":"2026-05-04T17:29:10.409Z","elapsed_ms":240493,"type":"API_CALL_START","method":"getResults","args":["5e33f43f-daad-490c-bd2f-734f9c7eaea5"]}
[2026-05-04T17:29:10.448974Z] {"ts":"2026-05-04T17:29:10.444Z","elapsed_ms":240528,"type":"API_CALL_RESULT","method":"getResults","result":"{\"job_id\":\"5e33f43f-daad-490c-bd2f-734f9c7eaea5\",\"dispatch_results\":{\"0\":{\"id\":712,\"job_id\":\"5e33f43f-daad-490c-bd2f-734f9c7eaea5\",\"page_idx\":0,\"page_type\":\"general_notes\",\"sheet_num\":\"S001\",\"sheet_title\":\"Colliers Engineering & \\nDesign, Inc. Colliers Engineering\\n&\",\"legends_count\":1,\"has_legend\":1,\"has_schedule\":0,\"raw_tables_json\":null,\"raw_tables\":null},\"1\":{\"id\":713,\"job_id\":\"5e33f43f-daad-490c-bd2f-734f9c7eaea5\",\"page_idx\":1,\"page_type\":\"general_notes\",\"sheet_num\":\"S002\",\"sheet_title\":\"Colliers Engineering & \\nDesign, Inc. Colliers Engineering\\n&\",\"legends_count\":4,\"has_legend\":1,\"has_schedule\":1,\"raw_tables_json\":null,\"raw_tables\":null},\"2\":{\"id\":714,\"job_id\":\"5e33f43f-daad-490c-bd2f-734f9c7eaea5\",\"page_idx\":2,\"page_type\":\"general_notes\",\"sheet_num\":\"S003\",\"sheet_title\":\"Colliers Engineering & \\nDesign, Inc. Colliers Engineering\\n&\",\"legends_count\":1,\"has_legend\":1,\"has_schedule\":1,\"raw_tables_json\":null,\"raw_tables\":null},\"3\":{\"id\":715,\"job_id\":\"5e33f43f-daad-490c-bd2f-734f9c7eaea5\",\"page_idx\":3,\"page_type\":\"schedule_sheet\",\"sheet_num\":\"S010\",\"sheet_title\":\"ZONE 2 ZONE 1 ZONE 1' EXISTING BUILDING PARAPETS EDGE ZONE (\",\"legends_count\":4,\"has_legend\":1,\"has_schedule\":1,\"raw_tables_json\":\"[[[\\\"8' - 5\\\\\\\"\\\\nZONE 3\\\\n\\\\\\\"5\\\\n-\\\\n'8\\\\nCOMPONENT AND CLADDING WIND LOAD SCHEDULE\\\\nEFFECTIVE ROOF WALLS PARAPETS\\\\nWIND AREA\\\\n2 1 '1 (SQ FT) ZONE 1' (PSF) ZONE 1 (PSF) ZONE 2 (PSF) ZONE 3 (PSF) INTERIOR ZONE (PSF) EDGE ZONE (PSF) INTERIOR ZONE (PSF) EDGE ZONE (PSF)\\\\nENOZ ENOZ ENOZ\\\\n<= 10 16.0/-32.2 16.0/-56.1 16.0/-74.0 16.0/-100.8 32.2/-34.9 32.2/-43.0 32.6/-74.8 32.6/-102.0\\\\n20 16.0/-32.2 16.0/-52.4 16.0/-69.2 16.0/-91.3 30.8/-33.5 30.8/-40.1 31.1/-70.0 31.1/-92.3\\\\n50 16.0/-32.2 16.0/-47.5 16.0/-62.9 16.0/-78.7 28.9/-31.6 28.9/-36.3 29.3/-63.7 29.3/-79.7\\\\n100 16.0/-32.2 16.0/-43.8 16.0/-58.2 16.0/-69.2 27.5/-30.2 27.5/-33.5 27.8/-58.8 27.8/-70.0\\\\n200 16.0/-27.7 16.0/-40.1 16.0/-53.4 16.0/-59.7 26.1/-28.7 26.1/-30.6 26.3/-54.0 26.3/-60.4\\\\n>=500 16.0/-21.8 16.0/-...[truncated]"}
[2026-05-04T17:29:16.016817Z] {"ts":"2026-05-04T17:29:16.011Z","elapsed_ms":246095,"type":"CLICK","tag":"BUTTON","id":null,"text":"+ ADD SYSTEM","classes":"btn btn-ghost"}
[2026-05-04T17:29:16.834500Z] {"ts":"2026-05-04T17:29:16.830Z","elapsed_ms":246914,"type":"PROJECT_CHANGE","size":3650,"preview":"{\"trade\":\"roofing\",\"bidSetName\":\"B2607 AEA Silverleaf - St Augustine - Accelerated Construction Services (6).pdf\",\"numPages\":40,\"pageClasses\":{\"0\":{\"kind\":\"general_notes\",\"scores\":{},\"confidence\":\"high\"},\"1\":{\"kind\":\"general_notes\",\"scores\":{},\"confidence\":\"high\"},\"2\":{\"kind\":\"general_notes\",\"scores\":{},\"confidence\":\"high\"},\"3\":{\"kind\":\"schedule_sheet\",\"scores\":{},\"confidence\":\"high\"},\"4\":{\"kind\":\"framing_plan\",\"scores\":{},\"confidence\":\"high\"},\"5\":{\"kind\":\"framing_plan\",\"scores\":{},\"confidence\":"}
[2026-05-04T17:29:36.094981Z] {"ts":"2026-05-04T17:29:36.089Z","elapsed_ms":266173,"type":"CLICK","tag":"BUTTON","id":null,"text":"↻ RE-SCAN","classes":"btn btn-ghost"}
[2026-05-04T17:29:36.104690Z] {"ts":"2026-05-04T17:29:36.090Z","elapsed_ms":266174,"type":"API_CALL_START","method":"getResults","args":["5e33f43f-daad-490c-bd2f-734f9c7eaea5"]}
[2026-05-04T17:29:36.151202Z] {"ts":"2026-05-04T17:29:36.146Z","elapsed_ms":266230,"type":"API_CALL_RESULT","method":"getResults","result":"{\"job_id\":\"5e33f43f-daad-490c-bd2f-734f9c7eaea5\",\"dispatch_results\":{\"0\":{\"id\":712,\"job_id\":\"5e33f43f-daad-490c-bd2f-734f9c7eaea5\",\"page_idx\":0,\"page_type\":\"general_notes\",\"sheet_num\":\"S001\",\"sheet_title\":\"Colliers Engineering & \\nDesign, Inc. Colliers Engineering\\n&\",\"legends_count\":1,\"has_legend\":1,\"has_schedule\":0,\"raw_tables_json\":null,\"raw_tables\":null},\"1\":{\"id\":713,\"job_id\":\"5e33f43f-daad-490c-bd2f-734f9c7eaea5\",\"page_idx\":1,\"page_type\":\"general_notes\",\"sheet_num\":\"S002\",\"sheet_title\":\"Colliers Engineering & \\nDesign, Inc. Colliers Engineering\\n&\",\"legends_count\":4,\"has_legend\":1,\"has_schedule\":1,\"raw_tables_json\":null,\"raw_tables\":null},\"2\":{\"id\":714,\"job_id\":\"5e33f43f-daad-490c-bd2f-734f9c7eaea5\",\"page_idx\":2,\"page_type\":\"general_notes\",\"sheet_num\":\"S003\",\"sheet_title\":\"Colliers Engineering & \\nDesign, Inc. Colliers Engineering\\n&\",\"legends_count\":1,\"has_legend\":1,\"has_schedule\":1,\"raw_tables_json\":null,\"raw_tables\":null},\"3\":{\"id\":715,\"job_id\":\"5e33f43f-daad-490c-bd2f-734f9c7eaea5\",\"page_idx\":3,\"page_type\":\"schedule_sheet\",\"sheet_num\":\"S010\",\"sheet_title\":\"ZONE 2 ZONE 1 ZONE 1' EXISTING BUILDING PARAPETS EDGE ZONE (\",\"legends_count\":4,\"has_legend\":1,\"has_schedule\":1,\"raw_tables_json\":\"[[[\\\"8' - 5\\\\\\\"\\\\nZONE 3\\\\n\\\\\\\"5\\\\n-\\\\n'8\\\\nCOMPONENT AND CLADDING WIND LOAD SCHEDULE\\\\nEFFECTIVE ROOF WALLS PARAPETS\\\\nWIND AREA\\\\n2 1 '1 (SQ FT) ZONE 1' (PSF) ZONE 1 (PSF) ZONE 2 (PSF) ZONE 3 (PSF) INTERIOR ZONE (PSF) EDGE ZONE (PSF) INTERIOR ZONE (PSF) EDGE ZONE (PSF)\\\\nENOZ ENOZ ENOZ\\\\n<= 10 16.0/-32.2 16.0/-56.1 16.0/-74.0 16.0/-100.8 32.2/-34.9 32.2/-43.0 32.6/-74.8 32.6/-102.0\\\\n20 16.0/-32.2 16.0/-52.4 16.0/-69.2 16.0/-91.3 30.8/-33.5 30.8/-40.1 31.1/-70.0 31.1/-92.3\\\\n50 16.0/-32.2 16.0/-47.5 16.0/-62.9 16.0/-78.7 28.9/-31.6 28.9/-36.3 29.3/-63.7 29.3/-79.7\\\\n100 16.0/-32.2 16.0/-43.8 16.0/-58.2 16.0/-69.2 27.5/-30.2 27.5/-33.5 27.8/-58.8 27.8/-70.0\\\\n200 16.0/-27.7 16.0/-40.1 16.0/-53.4 16.0/-59.7 26.1/-28.7 26.1/-30.6 26.3/-54.0 26.3/-60.4\\\\n>=500 16.0/-21.8 16.0/-...[truncated]"}
[2026-05-04T17:29:39.943422Z] {"ts":"2026-05-04T17:29:39.938Z","elapsed_ms":270022,"type":"API_CALL_START","method":"healthCheck","args":[]}
[2026-05-04T17:29:39.956034Z] {"ts":"2026-05-04T17:29:39.950Z","elapsed_ms":270034,"type":"API_CALL_RESULT","method":"healthCheck","result":{"status":"ok","version":"0.3.0-E.1"}}
[2026-05-04T17:30:09.935542Z] {"ts":"2026-05-04T17:30:09.930Z","elapsed_ms":300014,"type":"API_CALL_START","method":"healthCheck","args":[]}
[2026-05-04T17:30:09.945419Z] {"ts":"2026-05-04T17:30:09.941Z","elapsed_ms":300025,"type":"API_CALL_RESULT","method":"healthCheck","result":{"status":"ok","version":"0.3.0-E.1"}}
[2026-05-04T17:30:39.942357Z] {"ts":"2026-05-04T17:30:39.926Z","elapsed_ms":330010,"type":"API_CALL_START","method":"healthCheck","args":[]}
[2026-05-04T17:30:39.958891Z] {"ts":"2026-05-04T17:30:39.954Z","elapsed_ms":330038,"type":"API_CALL_RESULT","method":"healthCheck","result":{"status":"ok","version":"0.3.0-E.1"}}
[2026-05-04T17:30:42.457334Z] {"ts":"2026-05-04T17:30:42.451Z","elapsed_ms":332535,"type":"CLICK","tag":"BUTTON","id":null,"text":"●PIN","classes":"vt-btn"}
[2026-05-04T17:30:42.460706Z] {"ts":"2026-05-04T17:30:42.452Z","elapsed_ms":332536,"type":"TOOL_SELECT","tool":"pin","id":null}
[2026-05-04T17:30:56.961330Z] {"ts":"2026-05-04T17:30:56.956Z","elapsed_ms":347040,"type":"PROJECT_CHANGE","size":3819,"preview":"{\"trade\":\"roofing\",\"bidSetName\":\"B2607 AEA Silverleaf - St Augustine - Accelerated Construction Services (6).pdf\",\"numPages\":40,\"pageClasses\":{\"0\":{\"kind\":\"general_notes\",\"scores\":{},\"confidence\":\"high\"},\"1\":{\"kind\":\"general_notes\",\"scores\":{},\"confidence\":\"high\"},\"2\":{\"kind\":\"general_notes\",\"scores\":{},\"confidence\":\"high\"},\"3\":{\"kind\":\"schedule_sheet\",\"scores\":{},\"confidence\":\"high\"},\"4\":{\"kind\":\"framing_plan\",\"scores\":{},\"confidence\":\"high\"},\"5\":{\"kind\":\"framing_plan\",\"scores\":{},\"confidence\":"}
[2026-05-04T17:31:06.479446Z] {"ts":"2026-05-04T17:31:06.474Z","elapsed_ms":356558,"type":"CLICK","tag":"BUTTON","id":null,"text":"×DELETE","classes":"vt-btn"}
[2026-05-04T17:31:06.974733Z] {"ts":"2026-05-04T17:31:06.969Z","elapsed_ms":357053,"type":"PROJECT_CHANGE","size":3650,"preview":"{\"trade\":\"roofing\",\"bidSetName\":\"B2607 AEA Silverleaf - St Augustine - Accelerated Construction Services (6).pdf\",\"numPages\":40,\"pageClasses\":{\"0\":{\"kind\":\"general_notes\",\"scores\":{},\"confidence\":\"high\"},\"1\":{\"kind\":\"general_notes\",\"scores\":{},\"confidence\":\"high\"},\"2\":{\"kind\":\"general_notes\",\"scores\":{},\"confidence\":\"high\"},\"3\":{\"kind\":\"schedule_sheet\",\"scores\":{},\"confidence\":\"high\"},\"4\":{\"kind\":\"framing_plan\",\"scores\":{},\"confidence\":\"high\"},\"5\":{\"kind\":\"framing_plan\",\"scores\":{},\"confidence\":"}
[2026-05-04T17:31:09.892327Z] {"ts":"2026-05-04T17:31:09.887Z","elapsed_ms":359971,"type":"CLICK","tag":"BUTTON","id":"viewerFullscreenBtn","text":"⛶ FULLSCREEN","classes":"btn"}
[2026-05-04T17:31:09.953958Z] {"ts":"2026-05-04T17:31:09.948Z","elapsed_ms":360032,"type":"API_CALL_START","method":"healthCheck","args":[]}
[2026-05-04T17:31:09.971201Z] {"ts":"2026-05-04T17:31:09.966Z","elapsed_ms":360050,"type":"API_CALL_RESULT","method":"healthCheck","result":{"status":"ok","version":"0.3.0-E.1"}}
[2026-05-04T17:31:14.242044Z] {"ts":"2026-05-04T17:31:14.237Z","elapsed_ms":364321,"type":"CLICK","tag":"BUTTON","id":null,"text":"✥PAN","classes":"vt-btn"}
[2026-05-04T17:31:14.245378Z] {"ts":"2026-05-04T17:31:14.237Z","elapsed_ms":364321,"type":"TOOL_SELECT","tool":"pan","id":null}
[2026-05-04T17:31:29.123050Z] {"ts":"2026-05-04T17:31:29.117Z","elapsed_ms":379201,"type":"CLICK","tag":"BUTTON","id":null,"text":"⬠AREA","classes":"vt-btn"}
[2026-05-04T17:31:29.126071Z] {"ts":"2026-05-04T17:31:29.118Z","elapsed_ms":379202,"type":"TOOL_SELECT","tool":"polygon","id":null}
[2026-05-04T17:31:39.712066Z] {"ts":"2026-05-04T17:31:39.708Z","elapsed_ms":389792,"type":"CLICK","tag":"BUTTON","id":null,"text":"×DELETE","classes":"vt-btn"}
[2026-05-04T17:31:39.942546Z] {"ts":"2026-05-04T17:31:39.937Z","elapsed_ms":390021,"type":"API_CALL_START","method":"healthCheck","args":[]}
[2026-05-04T17:31:39.952286Z] {"ts":"2026-05-04T17:31:39.948Z","elapsed_ms":390032,"type":"API_CALL_RESULT","method":"healthCheck","result":{"status":"ok","version":"0.3.0-E.1"}}
[2026-05-04T17:31:40.741204Z] {"ts":"2026-05-04T17:31:40.735Z","elapsed_ms":390819,"type":"CLICK","tag":"BUTTON","id":null,"text":"×DELETE","classes":"vt-btn"}
[2026-05-04T17:31:42.645224Z] {"ts":"2026-05-04T17:31:42.640Z","elapsed_ms":392724,"type":"CLICK","tag":"BUTTON","id":null,"text":"⬠AREA","classes":"vt-btn active"}
[2026-05-04T17:31:42.647476Z] {"ts":"2026-05-04T17:31:42.641Z","elapsed_ms":392725,"type":"TOOL_SELECT","tool":"polygon","id":null}
[2026-05-04T17:31:48.120600Z] {"ts":"2026-05-04T17:31:48.115Z","elapsed_ms":398199,"type":"CLICK","tag":"BUTTON","id":null,"text":"1/8\"=1'-0\"","classes":null}
[2026-05-04T17:32:09.932344Z] {"ts":"2026-05-04T17:32:09.927Z","elapsed_ms":420011,"type":"API_CALL_START","method":"healthCheck","args":[]}
[2026-05-04T17:32:09.947935Z] {"ts":"2026-05-04T17:32:09.943Z","elapsed_ms":420027,"type":"API_CALL_RESULT","method":"healthCheck","result":{"status":"ok","version":"0.3.0-E.1"}}
[2026-05-04T17:32:28.128123Z] {"ts":"2026-05-04T17:32:28.117Z","elapsed_ms":438201,"type":"PROJECT_CHANGE","size":4244,"preview":"{\"trade\":\"roofing\",\"bidSetName\":\"B2607 AEA Silverleaf - St Augustine - Accelerated Construction Services (6).pdf\",\"numPages\":40,\"pageClasses\":{\"0\":{\"kind\":\"general_notes\",\"scores\":{},\"confidence\":\"high\"},\"1\":{\"kind\":\"general_notes\",\"scores\":{},\"confidence\":\"high\"},\"2\":{\"kind\":\"general_notes\",\"scores\":{},\"confidence\":\"high\"},\"3\":{\"kind\":\"schedule_sheet\",\"scores\":{},\"confidence\":\"high\"},\"4\":{\"kind\":\"framing_plan\",\"scores\":{},\"confidence\":\"high\"},\"5\":{\"kind\":\"framing_plan\",\"scores\":{},\"confidence\":"}
[2026-05-04T17:32:30.421763Z] {"ts":"2026-05-04T17:32:30.416Z","elapsed_ms":440500,"type":"CLICK","tag":"BUTTON","id":null,"text":"⟺MEASURE","classes":"vt-btn"}
[2026-05-04T17:32:30.425148Z] {"ts":"2026-05-04T17:32:30.417Z","elapsed_ms":440501,"type":"TOOL_SELECT","tool":"measure","id":null}
[2026-05-04T17:32:39.931295Z] {"ts":"2026-05-04T17:32:39.927Z","elapsed_ms":450011,"type":"API_CALL_START","method":"healthCheck","args":[]}
[2026-05-04T17:32:39.941744Z] {"ts":"2026-05-04T17:32:39.938Z","elapsed_ms":450022,"type":"API_CALL_RESULT","method":"healthCheck","result":{"status":"ok","version":"0.3.0-E.1"}}
[2026-05-04T17:33:00.956196Z] {"ts":"2026-05-04T17:33:00.950Z","elapsed_ms":471034,"type":"CLICK","tag":"BUTTON","id":null,"text":"⊘EXCLUDE","classes":"vt-btn"}
[2026-05-04T17:33:00.961012Z] {"ts":"2026-05-04T17:33:00.951Z","elapsed_ms":471035,"type":"TOOL_SELECT","tool":"excludeZone","id":null}
[2026-05-04T17:33:09.940843Z] {"ts":"2026-05-04T17:33:09.934Z","elapsed_ms":480018,"type":"API_CALL_START","method":"healthCheck","args":[]}
[2026-05-04T17:33:09.951762Z] {"ts":"2026-05-04T17:33:09.947Z","elapsed_ms":480031,"type":"API_CALL_RESULT","method":"healthCheck","result":{"status":"ok","version":"0.3.0-E.1"}}
[2026-05-04T17:33:11.605290Z] {"ts":"2026-05-04T17:33:11.600Z","elapsed_ms":481684,"type":"CLICK","tag":"BUTTON","id":null,"text":"▢RECT","classes":"vt-btn"}
[2026-05-04T17:33:11.608608Z] {"ts":"2026-05-04T17:33:11.601Z","elapsed_ms":481685,"type":"TOOL_SELECT","tool":"rectangle","id":null}
[2026-05-04T17:33:23.762263Z] {"ts":"2026-05-04T17:33:23.754Z","elapsed_ms":493838,"type":"PROJECT_CHANGE","size":4651,"preview":"{\"trade\":\"roofing\",\"bidSetName\":\"B2607 AEA Silverleaf - St Augustine - Accelerated Construction Services (6).pdf\",\"numPages\":40,\"pageClasses\":{\"0\":{\"kind\":\"general_notes\",\"scores\":{},\"confidence\":\"high\"},\"1\":{\"kind\":\"general_notes\",\"scores\":{},\"confidence\":\"high\"},\"2\":{\"kind\":\"general_notes\",\"scores\":{},\"confidence\":\"high\"},\"3\":{\"kind\":\"schedule_sheet\",\"scores\":{},\"confidence\":\"high\"},\"4\":{\"kind\":\"framing_plan\",\"scores\":{},\"confidence\":\"high\"},\"5\":{\"kind\":\"framing_plan\",\"scores\":{},\"confidence\":"}
[2026-05-04T17:33:39.940714Z] {"ts":"2026-05-04T17:33:39.929Z","elapsed_ms":510013,"type":"API_CALL_START","method":"healthCheck","args":[]}
[2026-05-04T17:33:39.950546Z] {"ts":"2026-05-04T17:33:39.946Z","elapsed_ms":510030,"type":"API_CALL_RESULT","method":"healthCheck","result":{"status":"ok","version":"0.3.0-E.1"}}
[2026-05-04T17:34:03.805848Z] {"ts":"2026-05-04T17:34:03.793Z","elapsed_ms":533877,"type":"PROJECT_CHANGE","size":5161,"preview":"{\"trade\":\"roofing\",\"bidSetName\":\"B2607 AEA Silverleaf - St Augustine - Accelerated Construction Services (6).pdf\",\"numPages\":40,\"pageClasses\":{\"0\":{\"kind\":\"general_notes\",\"scores\":{},\"confidence\":\"high\"},\"1\":{\"kind\":\"general_notes\",\"scores\":{},\"confidence\":\"high\"},\"2\":{\"kind\":\"general_notes\",\"scores\":{},\"confidence\":\"high\"},\"3\":{\"kind\":\"schedule_sheet\",\"scores\":{},\"confidence\":\"high\"},\"4\":{\"kind\":\"framing_plan\",\"scores\":{},\"confidence\":\"high\"},\"5\":{\"kind\":\"framing_plan\",\"scores\":{},\"confidence\":"}
[2026-05-04T17:34:09.938989Z] {"ts":"2026-05-04T17:34:09.933Z","elapsed_ms":540017,"type":"API_CALL_START","method":"healthCheck","args":[]}
[2026-05-04T17:34:09.960382Z] {"ts":"2026-05-04T17:34:09.956Z","elapsed_ms":540040,"type":"API_CALL_RESULT","method":"healthCheck","result":{"status":"ok","version":"0.3.0-E.1"}}
[2026-05-04T17:34:13.807863Z] {"ts":"2026-05-04T17:34:13.803Z","elapsed_ms":543887,"type":"PROJECT_CHANGE","size":5529,"preview":"{\"trade\":\"roofing\",\"bidSetName\":\"B2607 AEA Silverleaf - St Augustine - Accelerated Construction Services (6).pdf\",\"numPages\":40,\"pageClasses\":{\"0\":{\"kind\":\"general_notes\",\"scores\":{},\"confidence\":\"high\"},\"1\":{\"kind\":\"general_notes\",\"scores\":{},\"confidence\":\"high\"},\"2\":{\"kind\":\"general_notes\",\"scores\":{},\"confidence\":\"high\"},\"3\":{\"kind\":\"schedule_sheet\",\"scores\":{},\"confidence\":\"high\"},\"4\":{\"kind\":\"framing_plan\",\"scores\":{},\"confidence\":\"high\"},\"5\":{\"kind\":\"framing_plan\",\"scores\":{},\"confidence\":"}
[2026-05-04T17:34:16.024469Z] {"ts":"2026-05-04T17:34:16.019Z","elapsed_ms":546103,"type":"CLICK","tag":"BUTTON","id":null,"text":"●PIN","classes":"vt-btn"}
[2026-05-04T17:34:16.027356Z] {"ts":"2026-05-04T17:34:16.020Z","elapsed_ms":546104,"type":"TOOL_SELECT","tool":"pin","id":null}
[2026-05-04T17:34:23.824863Z] {"ts":"2026-05-04T17:34:23.819Z","elapsed_ms":553903,"type":"PROJECT_CHANGE","size":5869,"preview":"{\"trade\":\"roofing\",\"bidSetName\":\"B2607 AEA Silverleaf - St Augustine - Accelerated Construction Services (6).pdf\",\"numPages\":40,\"pageClasses\":{\"0\":{\"kind\":\"general_notes\",\"scores\":{},\"confidence\":\"high\"},\"1\":{\"kind\":\"general_notes\",\"scores\":{},\"confidence\":\"high\"},\"2\":{\"kind\":\"general_notes\",\"scores\":{},\"confidence\":\"high\"},\"3\":{\"kind\":\"schedule_sheet\",\"scores\":{},\"confidence\":\"high\"},\"4\":{\"kind\":\"framing_plan\",\"scores\":{},\"confidence\":\"high\"},\"5\":{\"kind\":\"framing_plan\",\"scores\":{},\"confidence\":"}
[2026-05-04T17:34:28.825434Z] {"ts":"2026-05-04T17:34:28.820Z","elapsed_ms":558904,"type":"PROJECT_CHANGE","size":6381,"preview":"{\"trade\":\"roofing\",\"bidSetName\":\"B2607 AEA Silverleaf - St Augustine - Accelerated Construction Services (6).pdf\",\"numPages\":40,\"pageClasses\":{\"0\":{\"kind\":\"general_notes\",\"scores\":{},\"confidence\":\"high\"},\"1\":{\"kind\":\"general_notes\",\"scores\":{},\"confidence\":\"high\"},\"2\":{\"kind\":\"general_notes\",\"scores\":{},\"confidence\":\"high\"},\"3\":{\"kind\":\"schedule_sheet\",\"scores\":{},\"confidence\":\"high\"},\"4\":{\"kind\":\"framing_plan\",\"scores\":{},\"confidence\":\"high\"},\"5\":{\"kind\":\"framing_plan\",\"scores\":{},\"confidence\":"}
[2026-05-04T17:34:33.837061Z] {"ts":"2026-05-04T17:34:33.832Z","elapsed_ms":563916,"type":"PROJECT_CHANGE","size":6723,"preview":"{\"trade\":\"roofing\",\"bidSetName\":\"B2607 AEA Silverleaf - St Augustine - Accelerated Construction Services (6).pdf\",\"numPages\":40,\"pageClasses\":{\"0\":{\"kind\":\"general_notes\",\"scores\":{},\"confidence\":\"high\"},\"1\":{\"kind\":\"general_notes\",\"scores\":{},\"confidence\":\"high\"},\"2\":{\"kind\":\"general_notes\",\"scores\":{},\"confidence\":\"high\"},\"3\":{\"kind\":\"schedule_sheet\",\"scores\":{},\"confidence\":\"high\"},\"4\":{\"kind\":\"framing_plan\",\"scores\":{},\"confidence\":\"high\"},\"5\":{\"kind\":\"framing_plan\",\"scores\":{},\"confidence\":"}
[2026-05-04T17:34:38.839608Z] {"ts":"2026-05-04T17:34:38.835Z","elapsed_ms":568919,"type":"PROJECT_CHANGE","size":6895,"preview":"{\"trade\":\"roofing\",\"bidSetName\":\"B2607 AEA Silverleaf - St Augustine - Accelerated Construction Services (6).pdf\",\"numPages\":40,\"pageClasses\":{\"0\":{\"kind\":\"general_notes\",\"scores\":{},\"confidence\":\"high\"},\"1\":{\"kind\":\"general_notes\",\"scores\":{},\"confidence\":\"high\"},\"2\":{\"kind\":\"general_notes\",\"scores\":{},\"confidence\":\"high\"},\"3\":{\"kind\":\"schedule_sheet\",\"scores\":{},\"confidence\":\"high\"},\"4\":{\"kind\":\"framing_plan\",\"scores\":{},\"confidence\":\"high\"},\"5\":{\"kind\":\"framing_plan\",\"scores\":{},\"confidence\":"}
[2026-05-04T17:34:39.938057Z] {"ts":"2026-05-04T17:34:39.933Z","elapsed_ms":570017,"type":"API_CALL_START","method":"healthCheck","args":[]}
[2026-05-04T17:34:39.948447Z] {"ts":"2026-05-04T17:34:39.944Z","elapsed_ms":570028,"type":"API_CALL_RESULT","method":"healthCheck","result":{"status":"ok","version":"0.3.0-E.1"}}
[2026-05-04T17:34:46.317472Z] {"ts":"2026-05-04T17:34:46.312Z","elapsed_ms":576396,"type":"CLICK","tag":"BUTTON","id":null,"text":"▸ VIEW TAKEOFF","classes":"btn btn-ghost"}
[2026-05-04T17:35:04.520297Z] {"ts":"2026-05-04T17:35:04.508Z","elapsed_ms":594592,"type":"CLICK","tag":"BUTTON","id":null,"text":"⤢ EXIT FULLSCREEN · ESC","classes":"viewer-fullscreen-exit"}
[2026-05-04T17:35:09.940491Z] {"ts":"2026-05-04T17:35:09.934Z","elapsed_ms":600018,"type":"API_CALL_START","method":"healthCheck","args":[]}
[2026-05-04T17:35:09.956487Z] {"ts":"2026-05-04T17:35:09.951Z","elapsed_ms":600035,"type":"API_CALL_RESULT","method":"healthCheck","result":{"status":"ok","version":"0.3.0-E.1"}}
[2026-05-04T17:35:17.037040Z] {"ts":"2026-05-04T17:35:17.032Z","elapsed_ms":607116,"type":"KEYBOARD","key":"Control","ctrl":true,"alt":false,"shift":false,"meta":false}
[2026-05-04T17:35:17.297534Z] {"ts":"2026-05-04T17:35:17.293Z","elapsed_ms":607377,"type":"KEYBOARD","key":"Shift","ctrl":true,"alt":false,"shift":true,"meta":false}
[2026-05-04T17:35:38.617066Z] {"ts":"2026-05-04T17:35:38.612Z","elapsed_ms":628696,"type":"CLICK","tag":"BUTTON","id":null,"text":"27","classes":null}
[2026-05-04T17:35:39.937223Z] {"ts":"2026-05-04T17:35:39.931Z","elapsed_ms":630015,"type":"API_CALL_START","method":"healthCheck","args":[]}
[2026-05-04T17:35:39.947763Z] {"ts":"2026-05-04T17:35:39.944Z","elapsed_ms":630028,"type":"API_CALL_RESULT","method":"healthCheck","result":{"status":"ok","version":"0.3.0-E.1"}}
[2026-05-04T17:35:41.917337Z] {"ts":"2026-05-04T17:35:41.911Z","elapsed_ms":631995,"type":"CLICK","tag":"BUTTON","id":null,"text":"28","classes":null}
[2026-05-04T17:35:45.383736Z] {"ts":"2026-05-04T17:35:45.378Z","elapsed_ms":635462,"type":"KEYBOARD","key":"Control","ctrl":true,"alt":false,"shift":false,"meta":false}
[2026-05-04T17:35:45.828404Z] {"ts":"2026-05-04T17:35:45.824Z","elapsed_ms":635908,"type":"KEYBOARD","key":"Shift","ctrl":true,"alt":false,"shift":true,"meta":false}
[2026-05-04T17:36:09.940118Z] {"ts":"2026-05-04T17:36:09.934Z","elapsed_ms":660018,"type":"API_CALL_START","method":"healthCheck","args":[]}
[2026-05-04T17:36:09.951254Z] {"ts":"2026-05-04T17:36:09.947Z","elapsed_ms":660031,"type":"API_CALL_RESULT","method":"healthCheck","result":{"status":"ok","version":"0.3.0-E.1"}}
[2026-05-04T17:36:18.389854Z] {"ts":"2026-05-04T17:36:18.385Z","elapsed_ms":668469,"type":"CLICK","tag":"BUTTON","id":null,"text":"⟺MEASURE","classes":"vt-btn"}
[2026-05-04T17:36:18.391868Z] {"ts":"2026-05-04T17:36:18.385Z","elapsed_ms":668469,"type":"TOOL_SELECT","tool":"measure","id":null}
[2026-05-04T17:36:33.818511Z] {"ts":"2026-05-04T17:36:33.813Z","elapsed_ms":683897,"type":"CLICK","tag":"BUTTON","id":null,"text":"↔CALIBRATE","classes":"vt-btn"}
[2026-05-04T17:36:33.821258Z] {"ts":"2026-05-04T17:36:33.813Z","elapsed_ms":683897,"type":"TOOL_SELECT","tool":"calibrate","id":null}
[2026-05-04T17:36:52.935838Z] {"ts":"2026-05-04T17:36:52.929Z","elapsed_ms":703013,"type":"API_CALL_START","method":"healthCheck","args":[]}
[2026-05-04T17:36:52.949736Z] {"ts":"2026-05-04T17:36:52.945Z","elapsed_ms":703029,"type":"API_CALL_RESULT","method":"healthCheck","result":{"status":"ok","version":"0.3.0-E.1"}}
[2026-05-04T17:37:01.718887Z] {"ts":"2026-05-04T17:37:01.714Z","elapsed_ms":711798,"type":"CLICK","tag":"BUTTON","id":null,"text":"✥PAN","classes":"vt-btn"}
[2026-05-04T17:37:01.721976Z] {"ts":"2026-05-04T17:37:01.714Z","elapsed_ms":711798,"type":"TOOL_SELECT","tool":"pan","id":null}
[2026-05-04T17:37:08.820962Z] {"ts":"2026-05-04T17:37:08.816Z","elapsed_ms":718900,"type":"CLICK","tag":"BUTTON","id":"viewerFullscreenBtn","text":"⛶ FULLSCREEN","classes":"btn"}
[2026-05-04T17:37:09.943725Z] {"ts":"2026-05-04T17:37:09.938Z","elapsed_ms":720022,"type":"API_CALL_START","method":"healthCheck","args":[]}
[2026-05-04T17:37:09.958946Z] {"ts":"2026-05-04T17:37:09.954Z","elapsed_ms":720038,"type":"API_CALL_RESULT","method":"healthCheck","result":{"status":"ok","version":"0.3.0-E.1"}}
[2026-05-04T17:37:19.493933Z] {"ts":"2026-05-04T17:37:19.489Z","elapsed_ms":729573,"type":"CLICK","tag":"BUTTON","id":null,"text":"⬠AREA","classes":"vt-btn"}
[2026-05-04T17:37:19.496563Z] {"ts":"2026-05-04T17:37:19.489Z","elapsed_ms":729573,"type":"TOOL_SELECT","tool":"polygon","id":null}
[2026-05-04T17:37:39.932329Z] {"ts":"2026-05-04T17:37:39.927Z","elapsed_ms":750011,"type":"API_CALL_START","method":"healthCheck","args":[]}
[2026-05-04T17:37:39.943402Z] {"ts":"2026-05-04T17:37:39.939Z","elapsed_ms":750023,"type":"API_CALL_RESULT","method":"healthCheck","result":{"status":"ok","version":"0.3.0-E.1"}}
[2026-05-04T17:38:03.018639Z] {"ts":"2026-05-04T17:38:03.013Z","elapsed_ms":773097,"type":"PROJECT_CHANGE","size":7516,"preview":"{\"trade\":\"roofing\",\"bidSetName\":\"B2607 AEA Silverleaf - St Augustine - Accelerated Construction Services (6).pdf\",\"numPages\":40,\"pageClasses\":{\"0\":{\"kind\":\"general_notes\",\"scores\":{},\"confidence\":\"high\"},\"1\":{\"kind\":\"general_notes\",\"scores\":{},\"confidence\":\"high\"},\"2\":{\"kind\":\"general_notes\",\"scores\":{},\"confidence\":\"high\"},\"3\":{\"kind\":\"schedule_sheet\",\"scores\":{},\"confidence\":\"high\"},\"4\":{\"kind\":\"framing_plan\",\"scores\":{},\"confidence\":\"high\"},\"5\":{\"kind\":\"framing_plan\",\"scores\":{},\"confidence\":"}
[2026-05-04T17:38:07.127851Z] {"ts":"2026-05-04T17:38:07.123Z","elapsed_ms":777207,"type":"CLICK","tag":"BUTTON","id":null,"text":"▸ VIEW TAKEOFF","classes":"btn btn-ghost"}
[2026-05-04T17:38:09.931913Z] {"ts":"2026-05-04T17:38:09.927Z","elapsed_ms":780011,"type":"API_CALL_START","method":"healthCheck","args":[]}
[2026-05-04T17:38:09.942125Z] {"ts":"2026-05-04T17:38:09.937Z","elapsed_ms":780021,"type":"API_CALL_RESULT","method":"healthCheck","result":{"status":"ok","version":"0.3.0-E.1"}}
[2026-05-04T17:38:24.768501Z] {"ts":"2026-05-04T17:38:24.763Z","elapsed_ms":794847,"type":"CLICK","tag":"BUTTON","id":null,"text":"⤢ EXIT FULLSCREEN · ESC","classes":"viewer-fullscreen-exit"}
[2026-05-04T17:38:32.591191Z] {"ts":"2026-05-04T17:38:32.586Z","elapsed_ms":802670,"type":"CLICK","tag":"BUTTON","id":null,"text":"CLEAR ALL","classes":"btn btn-ghost"}
[2026-05-04T17:38:33.049553Z] {"ts":"2026-05-04T17:38:33.045Z","elapsed_ms":803129,"type":"PROJECT_CHANGE","size":3650,"preview":"{\"trade\":\"roofing\",\"bidSetName\":\"B2607 AEA Silverleaf - St Augustine - Accelerated Construction Services (6).pdf\",\"numPages\":40,\"pageClasses\":{\"0\":{\"kind\":\"general_notes\",\"scores\":{},\"confidence\":\"high\"},\"1\":{\"kind\":\"general_notes\",\"scores\":{},\"confidence\":\"high\"},\"2\":{\"kind\":\"general_notes\",\"scores\":{},\"confidence\":\"high\"},\"3\":{\"kind\":\"schedule_sheet\",\"scores\":{},\"confidence\":\"high\"},\"4\":{\"kind\":\"framing_plan\",\"scores\":{},\"confidence\":\"high\"},\"5\":{\"kind\":\"framing_plan\",\"scores\":{},\"confidence\":"}
[2026-05-04T17:38:39.109585Z] {"ts":"2026-05-04T17:38:39.104Z","elapsed_ms":809188,"type":"CLICK","tag":"BUTTON","id":null,"text":"CLEAR ALL","classes":"btn btn-ghost"}
[2026-05-04T17:38:39.393538Z] {"ts":"2026-05-04T17:38:39.389Z","elapsed_ms":809473,"type":"CLICK","tag":"BUTTON","id":null,"text":"CLEAR ALL","classes":"btn btn-ghost"}
[2026-05-04T17:38:39.640933Z] {"ts":"2026-05-04T17:38:39.636Z","elapsed_ms":809720,"type":"CLICK","tag":"BUTTON","id":null,"text":"CLEAR ALL","classes":"btn btn-ghost"}
[2026-05-04T17:38:39.947375Z] {"ts":"2026-05-04T17:38:39.942Z","elapsed_ms":810026,"type":"API_CALL_START","method":"healthCheck","args":[]}
[2026-05-04T17:38:39.958419Z] {"ts":"2026-05-04T17:38:39.954Z","elapsed_ms":810038,"type":"API_CALL_RESULT","method":"healthCheck","result":{"status":"ok","version":"0.3.0-E.1"}}
[2026-05-04T17:38:51.553709Z] {"ts":"2026-05-04T17:38:51.547Z","elapsed_ms":821631,"type":"CLICK","tag":"BUTTON","id":null,"text":"⬠AREA","classes":"vt-btn active"}
[2026-05-04T17:38:51.556964Z] {"ts":"2026-05-04T17:38:51.547Z","elapsed_ms":821631,"type":"TOOL_SELECT","tool":"polygon","id":null}
[2026-05-04T17:39:09.942323Z] {"ts":"2026-05-04T17:39:09.936Z","elapsed_ms":840020,"type":"API_CALL_START","method":"healthCheck","args":[]}
[2026-05-04T17:39:09.954099Z] {"ts":"2026-05-04T17:39:09.950Z","elapsed_ms":840034,"type":"API_CALL_RESULT","method":"healthCheck","result":{"status":"ok","version":"0.3.0-E.1"}}
[2026-05-04T17:39:11.719663Z] {"ts":"2026-05-04T17:39:11.715Z","elapsed_ms":841799,"type":"CLICK","tag":"BUTTON","id":null,"text":"⬠AREA","classes":"vt-btn active"}
[2026-05-04T17:39:11.722001Z] {"ts":"2026-05-04T17:39:11.715Z","elapsed_ms":841799,"type":"TOOL_SELECT","tool":"polygon","id":null}
[2026-05-04T17:39:17.900447Z] {"ts":"2026-05-04T17:39:17.895Z","elapsed_ms":847979,"type":"CLICK","tag":"BUTTON","id":"viewerFullscreenBtn","text":"⛶ FULLSCREEN","classes":"btn"}
[2026-05-04T17:39:21.582052Z] {"ts":"2026-05-04T17:39:21.577Z","elapsed_ms":851661,"type":"CLICK","tag":"BUTTON","id":null,"text":"✥PAN","classes":"vt-btn"}
[2026-05-04T17:39:21.584988Z] {"ts":"2026-05-04T17:39:21.578Z","elapsed_ms":851662,"type":"TOOL_SELECT","tool":"pan","id":null}
[2026-05-04T17:39:33.605831Z] {"ts":"2026-05-04T17:39:33.600Z","elapsed_ms":863684,"type":"CLICK","tag":"BUTTON","id":null,"text":"⤢ EXIT FULLSCREEN · ESC","classes":"viewer-fullscreen-exit"}
[2026-05-04T17:39:39.410351Z] {"ts":"2026-05-04T17:39:39.398Z","elapsed_ms":869482,"type":"CLICK","tag":"BUTTON","id":null,"text":"✥PAN","classes":"vt-btn"}
[2026-05-04T17:39:39.414092Z] {"ts":"2026-05-04T17:39:39.399Z","elapsed_ms":869483,"type":"TOOL_SELECT","tool":"pan","id":null}
[2026-05-04T17:39:39.932498Z] {"ts":"2026-05-04T17:39:39.927Z","elapsed_ms":870011,"type":"API_CALL_START","method":"healthCheck","args":[]}
[2026-05-04T17:39:39.944129Z] {"ts":"2026-05-04T17:39:39.938Z","elapsed_ms":870022,"type":"API_CALL_RESULT","method":"healthCheck","result":{"status":"ok","version":"0.3.0-E.1"}}
[2026-05-04T17:39:40.917556Z] {"ts":"2026-05-04T17:39:40.913Z","elapsed_ms":870997,"type":"CLICK","tag":"BUTTON","id":"viewerFullscreenBtn","text":"⛶ FULLSCREEN","classes":"btn"}
[2026-05-04T17:39:47.893335Z] {"ts":"2026-05-04T17:39:47.888Z","elapsed_ms":877972,"type":"CLICK","tag":"BUTTON","id":null,"text":"✥PAN","classes":"vt-btn active"}
[2026-05-04T17:39:47.896479Z] {"ts":"2026-05-04T17:39:47.889Z","elapsed_ms":877973,"type":"TOOL_SELECT","tool":"pan","id":null}
[2026-05-04T17:39:53.400138Z] {"ts":"2026-05-04T17:39:53.393Z","elapsed_ms":883477,"type":"CLICK","tag":"BUTTON","id":null,"text":"⤢ EXIT FULLSCREEN · ESC","classes":"viewer-fullscreen-exit"}
[2026-05-04T17:40:02.991123Z] {"ts":"2026-05-04T17:40:02.986Z","elapsed_ms":893070,"type":"CLICK","tag":"BUTTON","id":"viewerFullscreenBtn","text":"⛶ FULLSCREEN","classes":"btn"}
[2026-05-04T17:40:09.853810Z] {"ts":"2026-05-04T17:40:09.849Z","elapsed_ms":899933,"type":"CLICK","tag":"BUTTON","id":null,"text":"⬠AREA","classes":"vt-btn"}
[2026-05-04T17:40:09.856659Z] {"ts":"2026-05-04T17:40:09.849Z","elapsed_ms":899933,"type":"TOOL_SELECT","tool":"polygon","id":null}
[2026-05-04T17:40:09.934121Z] {"ts":"2026-05-04T17:40:09.930Z","elapsed_ms":900014,"type":"API_CALL_START","method":"healthCheck","args":[]}
[2026-05-04T17:40:09.944185Z] {"ts":"2026-05-04T17:40:09.940Z","elapsed_ms":900024,"type":"API_CALL_RESULT","method":"healthCheck","result":{"status":"ok","version":"0.3.0-E.1"}}
[2026-05-04T17:40:36.539603Z] {"ts":"2026-05-04T17:40:36.534Z","elapsed_ms":926618,"type":"CLICK","tag":"BUTTON","id":null,"text":"⬠AREA","classes":"vt-btn active"}
[2026-05-04T17:40:36.543410Z] {"ts":"2026-05-04T17:40:36.535Z","elapsed_ms":926619,"type":"TOOL_SELECT","tool":"polygon","id":null}
[2026-05-04T17:40:39.931728Z] {"ts":"2026-05-04T17:40:39.927Z","elapsed_ms":930011,"type":"API_CALL_START","method":"healthCheck","args":[]}
[2026-05-04T17:40:39.941320Z] {"ts":"2026-05-04T17:40:39.937Z","elapsed_ms":930021,"type":"API_CALL_RESULT","method":"healthCheck","result":{"status":"ok","version":"0.3.0-E.1"}}
[2026-05-04T17:40:54.540487Z] {"ts":"2026-05-04T17:40:54.535Z","elapsed_ms":944619,"type":"CLICK","tag":"BUTTON","id":null,"text":"⬠AREA","classes":"vt-btn active"}
[2026-05-04T17:40:54.543247Z] {"ts":"2026-05-04T17:40:54.536Z","elapsed_ms":944620,"type":"TOOL_SELECT","tool":"polygon","id":null}
[2026-05-04T17:40:55.680432Z] {"ts":"2026-05-04T17:40:55.675Z","elapsed_ms":945759,"type":"CLICK","tag":"BUTTON","id":null,"text":"⬠AREA","classes":"vt-btn active"}
[2026-05-04T17:40:55.683640Z] {"ts":"2026-05-04T17:40:55.676Z","elapsed_ms":945760,"type":"TOOL_SELECT","tool":"polygon","id":null}
[2026-05-04T17:41:08.205666Z] {"ts":"2026-05-04T17:41:08.200Z","elapsed_ms":958284,"type":"PROJECT_CHANGE","size":4169,"preview":"{\"trade\":\"roofing\",\"bidSetName\":\"B2607 AEA Silverleaf - St Augustine - Accelerated Construction Services (6).pdf\",\"numPages\":40,\"pageClasses\":{\"0\":{\"kind\":\"general_notes\",\"scores\":{},\"confidence\":\"high\"},\"1\":{\"kind\":\"general_notes\",\"scores\":{},\"confidence\":\"high\"},\"2\":{\"kind\":\"general_notes\",\"scores\":{},\"confidence\":\"high\"},\"3\":{\"kind\":\"schedule_sheet\",\"scores\":{},\"confidence\":\"high\"},\"4\":{\"kind\":\"framing_plan\",\"scores\":{},\"confidence\":\"high\"},\"5\":{\"kind\":\"framing_plan\",\"scores\":{},\"confidence\":"}
[2026-05-04T17:41:09.932007Z] {"ts":"2026-05-04T17:41:09.927Z","elapsed_ms":960011,"type":"API_CALL_START","method":"healthCheck","args":[]}
[2026-05-04T17:41:09.942002Z] {"ts":"2026-05-04T17:41:09.938Z","elapsed_ms":960022,"type":"API_CALL_RESULT","method":"healthCheck","result":{"status":"ok","version":"0.3.0-E.1"}}
[2026-05-04T17:41:11.571600Z] {"ts":"2026-05-04T17:41:11.566Z","elapsed_ms":961650,"type":"KEYBOARD","key":"Delete","ctrl":false,"alt":false,"shift":false,"meta":false}
[2026-05-04T17:41:19.958360Z] {"ts":"2026-05-04T17:41:19.953Z","elapsed_ms":970037,"type":"CLICK","tag":"BUTTON","id":null,"text":"⤢ EXIT FULLSCREEN · ESC","classes":"viewer-fullscreen-exit"}
[2026-05-04T17:41:21.518677Z] {"ts":"2026-05-04T17:41:21.513Z","elapsed_ms":971597,"type":"CLICK","tag":"BUTTON","id":null,"text":"CLEAR ALL","classes":"btn btn-ghost"}
[2026-05-04T17:41:23.220557Z] {"ts":"2026-05-04T17:41:23.216Z","elapsed_ms":973300,"type":"PROJECT_CHANGE","size":3650,"preview":"{\"trade\":\"roofing\",\"bidSetName\":\"B2607 AEA Silverleaf - St Augustine - Accelerated Construction Services (6).pdf\",\"numPages\":40,\"pageClasses\":{\"0\":{\"kind\":\"general_notes\",\"scores\":{},\"confidence\":\"high\"},\"1\":{\"kind\":\"general_notes\",\"scores\":{},\"confidence\":\"high\"},\"2\":{\"kind\":\"general_notes\",\"scores\":{},\"confidence\":\"high\"},\"3\":{\"kind\":\"schedule_sheet\",\"scores\":{},\"confidence\":\"high\"},\"4\":{\"kind\":\"framing_plan\",\"scores\":{},\"confidence\":\"high\"},\"5\":{\"kind\":\"framing_plan\",\"scores\":{},\"confidence\":"}
[2026-05-04T17:41:25.532098Z] {"ts":"2026-05-04T17:41:25.526Z","elapsed_ms":975610,"type":"CLICK","tag":"BUTTON","id":null,"text":"✥PAN","classes":"vt-btn"}
[2026-05-04T17:41:25.535044Z] {"ts":"2026-05-04T17:41:25.527Z","elapsed_ms":975611,"type":"TOOL_SELECT","tool":"pan","id":null}
[2026-05-04T17:41:25.739795Z] {"ts":"2026-05-04T17:41:25.736Z","elapsed_ms":975820,"type":"CLICK","tag":"BUTTON","id":null,"text":"✥PAN","classes":"vt-btn active"}
[2026-05-04T17:41:25.741537Z] {"ts":"2026-05-04T17:41:25.736Z","elapsed_ms":975820,"type":"TOOL_SELECT","tool":"pan","id":null}
[2026-05-04T17:41:31.853051Z] {"ts":"2026-05-04T17:41:31.848Z","elapsed_ms":981932,"type":"CLICK","tag":"BUTTON","id":null,"text":"RESET VIEW","classes":"btn btn-ghost"}
[2026-05-04T17:41:32.940153Z] {"ts":"2026-05-04T17:41:32.935Z","elapsed_ms":983019,"type":"CLICK","tag":"BUTTON","id":null,"text":"RESET VIEW","classes":"btn btn-ghost"}
[2026-05-04T17:41:34.697206Z] {"ts":"2026-05-04T17:41:34.691Z","elapsed_ms":984775,"type":"CLICK","tag":"BUTTON","id":null,"text":"CLEAR ALL","classes":"btn btn-ghost"}
[2026-05-04T17:41:39.932408Z] {"ts":"2026-05-04T17:41:39.927Z","elapsed_ms":990011,"type":"API_CALL_START","method":"healthCheck","args":[]}
[2026-05-04T17:41:39.943658Z] {"ts":"2026-05-04T17:41:39.939Z","elapsed_ms":990023,"type":"API_CALL_RESULT","method":"healthCheck","result":{"status":"ok","version":"0.3.0-E.1"}}
[2026-05-04T17:41:40.980897Z] {"ts":"2026-05-04T17:41:40.976Z","elapsed_ms":991060,"type":"CLICK","tag":"BUTTON","id":null,"text":"⬠AREA","classes":"vt-btn"}
[2026-05-04T17:41:40.983668Z] {"ts":"2026-05-04T17:41:40.977Z","elapsed_ms":991061,"type":"TOOL_SELECT","tool":"polygon","id":null}
[2026-05-04T17:42:09.931734Z] {"ts":"2026-05-04T17:42:09.926Z","elapsed_ms":1020010,"type":"API_CALL_START","method":"healthCheck","args":[]}
[2026-05-04T17:42:09.943404Z] {"ts":"2026-05-04T17:42:09.939Z","elapsed_ms":1020023,"type":"API_CALL_RESULT","method":"healthCheck","result":{"status":"ok","version":"0.3.0-E.1"}}
[2026-05-04T17:42:20.254978Z] {"ts":"2026-05-04T17:42:20.247Z","elapsed_ms":1030331,"type":"PROJECT_CHANGE","size":4354,"preview":"{\"trade\":\"roofing\",\"bidSetName\":\"B2607 AEA Silverleaf - St Augustine - Accelerated Construction Services (6).pdf\",\"numPages\":40,\"pageClasses\":{\"0\":{\"kind\":\"general_notes\",\"scores\":{},\"confidence\":\"high\"},\"1\":{\"kind\":\"general_notes\",\"scores\":{},\"confidence\":\"high\"},\"2\":{\"kind\":\"general_notes\",\"scores\":{},\"confidence\":\"high\"},\"3\":{\"kind\":\"schedule_sheet\",\"scores\":{},\"confidence\":\"high\"},\"4\":{\"kind\":\"framing_plan\",\"scores\":{},\"confidence\":\"high\"},\"5\":{\"kind\":\"framing_plan\",\"scores\":{},\"confidence\":"}
[2026-05-04T17:42:30.594716Z] {"ts":"2026-05-04T17:42:30.590Z","elapsed_ms":1040674,"type":"CLICK","tag":"BUTTON","id":null,"text":"CLEAR ALL","classes":"btn btn-ghost"}
[2026-05-04T17:42:33.325455Z] {"ts":"2026-05-04T17:42:33.320Z","elapsed_ms":1043404,"type":"CLICK","tag":"BUTTON","id":null,"text":"✥PAN","classes":"vt-btn"}
[2026-05-04T17:42:33.329080Z] {"ts":"2026-05-04T17:42:33.321Z","elapsed_ms":1043405,"type":"TOOL_SELECT","tool":"pan","id":null}
[2026-05-04T17:42:35.275015Z] {"ts":"2026-05-04T17:42:35.270Z","elapsed_ms":1045354,"type":"PROJECT_CHANGE","size":3650,"preview":"{\"trade\":\"roofing\",\"bidSetName\":\"B2607 AEA Silverleaf - St Augustine - Accelerated Construction Services (6).pdf\",\"numPages\":40,\"pageClasses\":{\"0\":{\"kind\":\"general_notes\",\"scores\":{},\"confidence\":\"high\"},\"1\":{\"kind\":\"general_notes\",\"scores\":{},\"confidence\":\"high\"},\"2\":{\"kind\":\"general_notes\",\"scores\":{},\"confidence\":\"high\"},\"3\":{\"kind\":\"schedule_sheet\",\"scores\":{},\"confidence\":\"high\"},\"4\":{\"kind\":\"framing_plan\",\"scores\":{},\"confidence\":\"high\"},\"5\":{\"kind\":\"framing_plan\",\"scores\":{},\"confidence\":"}
[2026-05-04T17:42:39.936907Z] {"ts":"2026-05-04T17:42:39.931Z","elapsed_ms":1050015,"type":"API_CALL_START","method":"healthCheck","args":[]}
[2026-05-04T17:42:39.952522Z] {"ts":"2026-05-04T17:42:39.946Z","elapsed_ms":1050030,"type":"API_CALL_RESULT","method":"healthCheck","result":{"status":"ok","version":"0.3.0-E.1"}}
[2026-05-04T17:42:43.871278Z] {"ts":"2026-05-04T17:42:43.865Z","elapsed_ms":1053949,"type":"CLICK","tag":"BUTTON","id":null,"text":"1","classes":null}
[2026-05-04T17:42:46.091053Z] {"ts":"2026-05-04T17:42:46.085Z","elapsed_ms":1056169,"type":"CLICK","tag":"BUTTON","id":null,"text":"28","classes":null}
[2026-05-04T17:42:50.815264Z] {"ts":"2026-05-04T17:42:50.810Z","elapsed_ms":1060894,"type":"CLICK","tag":"BUTTON","id":null,"text":"✥PAN","classes":"vt-btn active"}
[2026-05-04T17:42:50.817472Z] {"ts":"2026-05-04T17:42:50.811Z","elapsed_ms":1060895,"type":"TOOL_SELECT","tool":"pan","id":null}
[2026-05-04T17:42:55.075704Z] {"ts":"2026-05-04T17:42:55.070Z","elapsed_ms":1065154,"type":"CLICK","tag":"BUTTON","id":"viewerFullscreenBtn","text":"⛶ FULLSCREEN","classes":"btn"}
[2026-05-04T17:43:06.138605Z] {"ts":"2026-05-04T17:43:06.133Z","elapsed_ms":1076217,"type":"CLICK","tag":"BUTTON","id":null,"text":"↔CALIBRATE","classes":"vt-btn"}
[2026-05-04T17:43:06.140732Z] {"ts":"2026-05-04T17:43:06.134Z","elapsed_ms":1076218,"type":"TOOL_SELECT","tool":"calibrate","id":null}
[2026-05-04T17:43:09.933494Z] {"ts":"2026-05-04T17:43:09.928Z","elapsed_ms":1080012,"type":"API_CALL_START","method":"healthCheck","args":[]}
[2026-05-04T17:43:09.945652Z] {"ts":"2026-05-04T17:43:09.940Z","elapsed_ms":1080024,"type":"API_CALL_RESULT","method":"healthCheck","result":{"status":"ok","version":"0.3.0-E.1"}}
[2026-05-04T17:43:39.945171Z] {"ts":"2026-05-04T17:43:39.940Z","elapsed_ms":1110024,"type":"API_CALL_START","method":"healthCheck","args":[]}
[2026-05-04T17:43:39.955683Z] {"ts":"2026-05-04T17:43:39.951Z","elapsed_ms":1110035,"type":"API_CALL_RESULT","method":"healthCheck","result":{"status":"ok","version":"0.3.0-E.1"}}
[2026-05-04T17:43:41.936549Z] {"ts":"2026-05-04T17:43:41.932Z","elapsed_ms":1112016,"type":"CLICK","tag":"BUTTON","id":null,"text":"✥PAN","classes":"vt-btn"}
[2026-05-04T17:43:41.938417Z] {"ts":"2026-05-04T17:43:41.933Z","elapsed_ms":1112017,"type":"TOOL_SELECT","tool":"pan","id":null}
[2026-05-04T17:43:58.347086Z] {"ts":"2026-05-04T17:43:58.342Z","elapsed_ms":1128426,"type":"CLICK","tag":"BUTTON","id":null,"text":"⬠AREA","classes":"vt-btn"}
[2026-05-04T17:43:58.349258Z] {"ts":"2026-05-04T17:43:58.343Z","elapsed_ms":1128427,"type":"TOOL_SELECT","tool":"polygon","id":null}
[2026-05-04T17:44:09.933245Z] {"ts":"2026-05-04T17:44:09.927Z","elapsed_ms":1140011,"type":"API_CALL_START","method":"healthCheck","args":[]}
[2026-05-04T17:44:09.943989Z] {"ts":"2026-05-04T17:44:09.939Z","elapsed_ms":1140023,"type":"API_CALL_RESULT","method":"healthCheck","result":{"status":"ok","version":"0.3.0-E.1"}}
[2026-05-04T17:44:27.715123Z] {"ts":"2026-05-04T17:44:27.708Z","elapsed_ms":1157792,"type":"PROJECT_CHANGE","size":4252,"preview":"{\"trade\":\"roofing\",\"bidSetName\":\"B2607 AEA Silverleaf - St Augustine - Accelerated Construction Services (6).pdf\",\"numPages\":40,\"pageClasses\":{\"0\":{\"kind\":\"general_notes\",\"scores\":{},\"confidence\":\"high\"},\"1\":{\"kind\":\"general_notes\",\"scores\":{},\"confidence\":\"high\"},\"2\":{\"kind\":\"general_notes\",\"scores\":{},\"confidence\":\"high\"},\"3\":{\"kind\":\"schedule_sheet\",\"scores\":{},\"confidence\":\"high\"},\"4\":{\"kind\":\"framing_plan\",\"scores\":{},\"confidence\":\"high\"},\"5\":{\"kind\":\"framing_plan\",\"scores\":{},\"confidence\":"}
[2026-05-04T17:44:39.942751Z] {"ts":"2026-05-04T17:44:39.937Z","elapsed_ms":1170021,"type":"API_CALL_START","method":"healthCheck","args":[]}
[2026-05-04T17:44:39.952463Z] {"ts":"2026-05-04T17:44:39.948Z","elapsed_ms":1170032,"type":"API_CALL_RESULT","method":"healthCheck","result":{"status":"ok","version":"0.3.0-E.1"}}
[2026-05-04T17:44:47.726316Z] {"ts":"2026-05-04T17:44:47.720Z","elapsed_ms":1177804,"type":"PROJECT_CHANGE","size":4638,"preview":"{\"trade\":\"roofing\",\"bidSetName\":\"B2607 AEA Silverleaf - St Augustine - Accelerated Construction Services (6).pdf\",\"numPages\":40,\"pageClasses\":{\"0\":{\"kind\":\"general_notes\",\"scores\":{},\"confidence\":\"high\"},\"1\":{\"kind\":\"general_notes\",\"scores\":{},\"confidence\":\"high\"},\"2\":{\"kind\":\"general_notes\",\"scores\":{},\"confidence\":\"high\"},\"3\":{\"kind\":\"schedule_sheet\",\"scores\":{},\"confidence\":\"high\"},\"4\":{\"kind\":\"framing_plan\",\"scores\":{},\"confidence\":\"high\"},\"5\":{\"kind\":\"framing_plan\",\"scores\":{},\"confidence\":"}
[2026-05-04T17:44:52.728303Z] {"ts":"2026-05-04T17:44:52.723Z","elapsed_ms":1182807,"type":"PROJECT_CHANGE","size":5020,"preview":"{\"trade\":\"roofing\",\"bidSetName\":\"B2607 AEA Silverleaf - St Augustine - Accelerated Construction Services (6).pdf\",\"numPages\":40,\"pageClasses\":{\"0\":{\"kind\":\"general_notes\",\"scores\":{},\"confidence\":\"high\"},\"1\":{\"kind\":\"general_notes\",\"scores\":{},\"confidence\":\"high\"},\"2\":{\"kind\":\"general_notes\",\"scores\":{},\"confidence\":\"high\"},\"3\":{\"kind\":\"schedule_sheet\",\"scores\":{},\"confidence\":\"high\"},\"4\":{\"kind\":\"framing_plan\",\"scores\":{},\"confidence\":\"high\"},\"5\":{\"kind\":\"framing_plan\",\"scores\":{},\"confidence\":"}
[2026-05-04T17:45:02.744137Z] {"ts":"2026-05-04T17:45:02.739Z","elapsed_ms":1192823,"type":"PROJECT_CHANGE","size":5400,"preview":"{\"trade\":\"roofing\",\"bidSetName\":\"B2607 AEA Silverleaf - St Augustine - Accelerated Construction Services (6).pdf\",\"numPages\":40,\"pageClasses\":{\"0\":{\"kind\":\"general_notes\",\"scores\":{},\"confidence\":\"high\"},\"1\":{\"kind\":\"general_notes\",\"scores\":{},\"confidence\":\"high\"},\"2\":{\"kind\":\"general_notes\",\"scores\":{},\"confidence\":\"high\"},\"3\":{\"kind\":\"schedule_sheet\",\"scores\":{},\"confidence\":\"high\"},\"4\":{\"kind\":\"framing_plan\",\"scores\":{},\"confidence\":\"high\"},\"5\":{\"kind\":\"framing_plan\",\"scores\":{},\"confidence\":"}
[2026-05-04T17:45:07.754996Z] {"ts":"2026-05-04T17:45:07.749Z","elapsed_ms":1197833,"type":"PROJECT_CHANGE","size":5780,"preview":"{\"trade\":\"roofing\",\"bidSetName\":\"B2607 AEA Silverleaf - St Augustine - Accelerated Construction Services (6).pdf\",\"numPages\":40,\"pageClasses\":{\"0\":{\"kind\":\"general_notes\",\"scores\":{},\"confidence\":\"high\"},\"1\":{\"kind\":\"general_notes\",\"scores\":{},\"confidence\":\"high\"},\"2\":{\"kind\":\"general_notes\",\"scores\":{},\"confidence\":\"high\"},\"3\":{\"kind\":\"schedule_sheet\",\"scores\":{},\"confidence\":\"high\"},\"4\":{\"kind\":\"framing_plan\",\"scores\":{},\"confidence\":\"high\"},\"5\":{\"kind\":\"framing_plan\",\"scores\":{},\"confidence\":"}
[2026-05-04T17:45:09.933371Z] {"ts":"2026-05-04T17:45:09.928Z","elapsed_ms":1200012,"type":"API_CALL_START","method":"healthCheck","args":[]}
[2026-05-04T17:45:09.943443Z] {"ts":"2026-05-04T17:45:09.940Z","elapsed_ms":1200024,"type":"API_CALL_RESULT","method":"healthCheck","result":{"status":"ok","version":"0.3.0-E.1"}}
[2026-05-04T17:45:17.762282Z] {"ts":"2026-05-04T17:45:17.756Z","elapsed_ms":1207840,"type":"PROJECT_CHANGE","size":6164,"preview":"{\"trade\":\"roofing\",\"bidSetName\":\"B2607 AEA Silverleaf - St Augustine - Accelerated Construction Services (6).pdf\",\"numPages\":40,\"pageClasses\":{\"0\":{\"kind\":\"general_notes\",\"scores\":{},\"confidence\":\"high\"},\"1\":{\"kind\":\"general_notes\",\"scores\":{},\"confidence\":\"high\"},\"2\":{\"kind\":\"general_notes\",\"scores\":{},\"confidence\":\"high\"},\"3\":{\"kind\":\"schedule_sheet\",\"scores\":{},\"confidence\":\"high\"},\"4\":{\"kind\":\"framing_plan\",\"scores\":{},\"confidence\":\"high\"},\"5\":{\"kind\":\"framing_plan\",\"scores\":{},\"confidence\":"}
[2026-05-04T17:45:27.777436Z] {"ts":"2026-05-04T17:45:27.772Z","elapsed_ms":1217856,"type":"PROJECT_CHANGE","size":6551,"preview":"{\"trade\":\"roofing\",\"bidSetName\":\"B2607 AEA Silverleaf - St Augustine - Accelerated Construction Services (6).pdf\",\"numPages\":40,\"pageClasses\":{\"0\":{\"kind\":\"general_notes\",\"scores\":{},\"confidence\":\"high\"},\"1\":{\"kind\":\"general_notes\",\"scores\":{},\"confidence\":\"high\"},\"2\":{\"kind\":\"general_notes\",\"scores\":{},\"confidence\":\"high\"},\"3\":{\"kind\":\"schedule_sheet\",\"scores\":{},\"confidence\":\"high\"},\"4\":{\"kind\":\"framing_plan\",\"scores\":{},\"confidence\":\"high\"},\"5\":{\"kind\":\"framing_plan\",\"scores\":{},\"confidence\":"}
[2026-05-04T17:45:39.944246Z] {"ts":"2026-05-04T17:45:39.938Z","elapsed_ms":1230022,"type":"API_CALL_START","method":"healthCheck","args":[]}
[2026-05-04T17:45:39.954191Z] {"ts":"2026-05-04T17:45:39.950Z","elapsed_ms":1230034,"type":"API_CALL_RESULT","method":"healthCheck","result":{"status":"ok","version":"0.3.0-E.1"}}
[2026-05-04T17:45:42.793963Z] {"ts":"2026-05-04T17:45:42.788Z","elapsed_ms":1232872,"type":"PROJECT_CHANGE","size":7061,"preview":"{\"trade\":\"roofing\",\"bidSetName\":\"B2607 AEA Silverleaf - St Augustine - Accelerated Construction Services (6).pdf\",\"numPages\":40,\"pageClasses\":{\"0\":{\"kind\":\"general_notes\",\"scores\":{},\"confidence\":\"high\"},\"1\":{\"kind\":\"general_notes\",\"scores\":{},\"confidence\":\"high\"},\"2\":{\"kind\":\"general_notes\",\"scores\":{},\"confidence\":\"high\"},\"3\":{\"kind\":\"schedule_sheet\",\"scores\":{},\"confidence\":\"high\"},\"4\":{\"kind\":\"framing_plan\",\"scores\":{},\"confidence\":\"high\"},\"5\":{\"kind\":\"framing_plan\",\"scores\":{},\"confidence\":"}
[2026-05-04T17:45:47.796979Z] {"ts":"2026-05-04T17:45:47.793Z","elapsed_ms":1237877,"type":"PROJECT_CHANGE","size":7401,"preview":"{\"trade\":\"roofing\",\"bidSetName\":\"B2607 AEA Silverleaf - St Augustine - Accelerated Construction Services (6).pdf\",\"numPages\":40,\"pageClasses\":{\"0\":{\"kind\":\"general_notes\",\"scores\":{},\"confidence\":\"high\"},\"1\":{\"kind\":\"general_notes\",\"scores\":{},\"confidence\":\"high\"},\"2\":{\"kind\":\"general_notes\",\"scores\":{},\"confidence\":\"high\"},\"3\":{\"kind\":\"schedule_sheet\",\"scores\":{},\"confidence\":\"high\"},\"4\":{\"kind\":\"framing_plan\",\"scores\":{},\"confidence\":\"high\"},\"5\":{\"kind\":\"framing_plan\",\"scores\":{},\"confidence\":"}
[2026-05-04T17:45:52.809436Z] {"ts":"2026-05-04T17:45:52.804Z","elapsed_ms":1242888,"type":"PROJECT_CHANGE","size":7914,"preview":"{\"trade\":\"roofing\",\"bidSetName\":\"B2607 AEA Silverleaf - St Augustine - Accelerated Construction Services (6).pdf\",\"numPages\":40,\"pageClasses\":{\"0\":{\"kind\":\"general_notes\",\"scores\":{},\"confidence\":\"high\"},\"1\":{\"kind\":\"general_notes\",\"scores\":{},\"confidence\":\"high\"},\"2\":{\"kind\":\"general_notes\",\"scores\":{},\"confidence\":\"high\"},\"3\":{\"kind\":\"schedule_sheet\",\"scores\":{},\"confidence\":\"high\"},\"4\":{\"kind\":\"framing_plan\",\"scores\":{},\"confidence\":\"high\"},\"5\":{\"kind\":\"framing_plan\",\"scores\":{},\"confidence\":"}
[2026-05-04T17:45:59.594858Z] {"ts":"2026-05-04T17:45:59.590Z","elapsed_ms":1249674,"type":"CLICK","tag":"BUTTON","id":null,"text":"✥PAN","classes":"vt-btn"}
[2026-05-04T17:45:59.604464Z] {"ts":"2026-05-04T17:45:59.591Z","elapsed_ms":1249675,"type":"TOOL_SELECT","tool":"pan","id":null}
[2026-05-04T17:46:09.942168Z] {"ts":"2026-05-04T17:46:09.936Z","elapsed_ms":1260021,"type":"API_CALL_START","method":"healthCheck","args":[]}
[2026-05-04T17:46:09.952884Z] {"ts":"2026-05-04T17:46:09.948Z","elapsed_ms":1260032,"type":"API_CALL_RESULT","method":"healthCheck","result":{"status":"ok","version":"0.3.0-E.1"}}
[2026-05-04T17:46:16.665638Z] {"ts":"2026-05-04T17:46:16.661Z","elapsed_ms":1266745,"type":"CLICK","tag":"BUTTON","id":null,"text":"⤢ EXIT FULLSCREEN · ESC","classes":"viewer-fullscreen-exit"}
[2026-05-04T17:46:39.941404Z] {"ts":"2026-05-04T17:46:39.936Z","elapsed_ms":1290020,"type":"API_CALL_START","method":"healthCheck","args":[]}
[2026-05-04T17:46:39.960716Z] {"ts":"2026-05-04T17:46:39.955Z","elapsed_ms":1290039,"type":"API_CALL_RESULT","method":"healthCheck","result":{"status":"ok","version":"0.3.0-E.1"}}
[2026-05-04T17:46:56.755521Z] {"ts":"2026-05-04T17:46:56.750Z","elapsed_ms":1306834,"type":"CLICK","tag":"BUTTON","id":null,"text":"+ ADD","classes":"btn btn-ghost"}
[2026-05-04T17:46:57.887455Z] {"ts":"2026-05-04T17:46:57.883Z","elapsed_ms":1307967,"type":"PROJECT_CHANGE","size":8000,"preview":"{\"trade\":\"roofing\",\"bidSetName\":\"B2607 AEA Silverleaf - St Augustine - Accelerated Construction Services (6).pdf\",\"numPages\":40,\"pageClasses\":{\"0\":{\"kind\":\"general_notes\",\"scores\":{},\"confidence\":\"high\"},\"1\":{\"kind\":\"general_notes\",\"scores\":{},\"confidence\":\"high\"},\"2\":{\"kind\":\"general_notes\",\"scores\":{},\"confidence\":\"high\"},\"3\":{\"kind\":\"schedule_sheet\",\"scores\":{},\"confidence\":\"high\"},\"4\":{\"kind\":\"framing_plan\",\"scores\":{},\"confidence\":\"high\"},\"5\":{\"kind\":\"framing_plan\",\"scores\":{},\"confidence\":"}
[2026-05-04T17:47:09.580101Z] {"ts":"2026-05-04T17:47:09.575Z","elapsed_ms":1319659,"type":"CLICK","tag":"BUTTON","id":null,"text":"+ ADD","classes":"btn btn-ghost"}
[2026-05-04T17:47:09.940105Z] {"ts":"2026-05-04T17:47:09.935Z","elapsed_ms":1320019,"type":"API_CALL_START","method":"healthCheck","args":[]}
[2026-05-04T17:47:09.951082Z] {"ts":"2026-05-04T17:47:09.947Z","elapsed_ms":1320031,"type":"API_CALL_RESULT","method":"healthCheck","result":{"status":"ok","version":"0.3.0-E.1"}}
[2026-05-04T17:47:12.908004Z] {"ts":"2026-05-04T17:47:12.903Z","elapsed_ms":1322987,"type":"PROJECT_CHANGE","size":8080,"preview":"{\"trade\":\"roofing\",\"bidSetName\":\"B2607 AEA Silverleaf - St Augustine - Accelerated Construction Services (6).pdf\",\"numPages\":40,\"pageClasses\":{\"0\":{\"kind\":\"general_notes\",\"scores\":{},\"confidence\":\"high\"},\"1\":{\"kind\":\"general_notes\",\"scores\":{},\"confidence\":\"high\"},\"2\":{\"kind\":\"general_notes\",\"scores\":{},\"confidence\":\"high\"},\"3\":{\"kind\":\"schedule_sheet\",\"scores\":{},\"confidence\":\"high\"},\"4\":{\"kind\":\"framing_plan\",\"scores\":{},\"confidence\":\"high\"},\"5\":{\"kind\":\"framing_plan\",\"scores\":{},\"confidence\":"}
[2026-05-04T17:47:37.466079Z] {"ts":"2026-05-04T17:47:37.461Z","elapsed_ms":1347545,"type":"CLICK","tag":"BUTTON","id":null,"text":"+ ADD SYSTEM","classes":"btn btn-ghost"}
[2026-05-04T17:47:37.938193Z] {"ts":"2026-05-04T17:47:37.933Z","elapsed_ms":1348017,"type":"PROJECT_CHANGE","size":9056,"preview":"{\"trade\":\"roofing\",\"bidSetName\":\"B2607 AEA Silverleaf - St Augustine - Accelerated Construction Services (6).pdf\",\"numPages\":40,\"pageClasses\":{\"0\":{\"kind\":\"general_notes\",\"scores\":{},\"confidence\":\"high\"},\"1\":{\"kind\":\"general_notes\",\"scores\":{},\"confidence\":\"high\"},\"2\":{\"kind\":\"general_notes\",\"scores\":{},\"confidence\":\"high\"},\"3\":{\"kind\":\"schedule_sheet\",\"scores\":{},\"confidence\":\"high\"},\"4\":{\"kind\":\"framing_plan\",\"scores\":{},\"confidence\":\"high\"},\"5\":{\"kind\":\"framing_plan\",\"scores\":{},\"confidence\":"}
[2026-05-04T17:47:39.930942Z] {"ts":"2026-05-04T17:47:39.926Z","elapsed_ms":1350010,"type":"API_CALL_START","method":"healthCheck","args":[]}
[2026-05-04T17:47:39.942679Z] {"ts":"2026-05-04T17:47:39.938Z","elapsed_ms":1350022,"type":"API_CALL_RESULT","method":"healthCheck","result":{"status":"ok","version":"0.3.0-E.1"}}
[2026-05-04T17:47:41.658456Z] {"ts":"2026-05-04T17:47:41.654Z","elapsed_ms":1351738,"type":"CLICK","tag":"BUTTON","id":null,"text":"× REMOVE","classes":"btn btn-ghost"}
[2026-05-04T17:47:42.941490Z] {"ts":"2026-05-04T17:47:42.937Z","elapsed_ms":1353021,"type":"PROJECT_CHANGE","size":8080,"preview":"{\"trade\":\"roofing\",\"bidSetName\":\"B2607 AEA Silverleaf - St Augustine - Accelerated Construction Services (6).pdf\",\"numPages\":40,\"pageClasses\":{\"0\":{\"kind\":\"general_notes\",\"scores\":{},\"confidence\":\"high\"},\"1\":{\"kind\":\"general_notes\",\"scores\":{},\"confidence\":\"high\"},\"2\":{\"kind\":\"general_notes\",\"scores\":{},\"confidence\":\"high\"},\"3\":{\"kind\":\"schedule_sheet\",\"scores\":{},\"confidence\":\"high\"},\"4\":{\"kind\":\"framing_plan\",\"scores\":{},\"confidence\":\"high\"},\"5\":{\"kind\":\"framing_plan\",\"scores\":{},\"confidence\":"}
[2026-05-04T17:48:02.957467Z] {"ts":"2026-05-04T17:48:02.952Z","elapsed_ms":1373036,"type":"PROJECT_CHANGE","size":8250,"preview":"{\"trade\":\"roofing\",\"bidSetName\":\"B2607 AEA Silverleaf - St Augustine - Accelerated Construction Services (6).pdf\",\"numPages\":40,\"pageClasses\":{\"0\":{\"kind\":\"general_notes\",\"scores\":{},\"confidence\":\"high\"},\"1\":{\"kind\":\"general_notes\",\"scores\":{},\"confidence\":\"high\"},\"2\":{\"kind\":\"general_notes\",\"scores\":{},\"confidence\":\"high\"},\"3\":{\"kind\":\"schedule_sheet\",\"scores\":{},\"confidence\":\"high\"},\"4\":{\"kind\":\"framing_plan\",\"scores\":{},\"confidence\":\"high\"},\"5\":{\"kind\":\"framing_plan\",\"scores\":{},\"confidence\":"}
[2026-05-04T17:48:08.014095Z] {"ts":"2026-05-04T17:48:08.009Z","elapsed_ms":1378093,"type":"CLICK","tag":"BUTTON","id":null,"text":"●PIN","classes":"vt-btn active"}
[2026-05-04T17:48:08.016455Z] {"ts":"2026-05-04T17:48:08.010Z","elapsed_ms":1378094,"type":"TOOL_SELECT","tool":"pin","id":null}
[2026-05-04T17:48:09.940698Z] {"ts":"2026-05-04T17:48:09.935Z","elapsed_ms":1380019,"type":"API_CALL_START","method":"healthCheck","args":[]}
[2026-05-04T17:48:09.950076Z] {"ts":"2026-05-04T17:48:09.946Z","elapsed_ms":1380030,"type":"API_CALL_RESULT","method":"healthCheck","result":{"status":"ok","version":"0.3.0-E.1"}}
[2026-05-04T17:48:12.973869Z] {"ts":"2026-05-04T17:48:12.968Z","elapsed_ms":1383052,"type":"PROJECT_CHANGE","size":8760,"preview":"{\"trade\":\"roofing\",\"bidSetName\":\"B2607 AEA Silverleaf - St Augustine - Accelerated Construction Services (6).pdf\",\"numPages\":40,\"pageClasses\":{\"0\":{\"kind\":\"general_notes\",\"scores\":{},\"confidence\":\"high\"},\"1\":{\"kind\":\"general_notes\",\"scores\":{},\"confidence\":\"high\"},\"2\":{\"kind\":\"general_notes\",\"scores\":{},\"confidence\":\"high\"},\"3\":{\"kind\":\"schedule_sheet\",\"scores\":{},\"confidence\":\"high\"},\"4\":{\"kind\":\"framing_plan\",\"scores\":{},\"confidence\":\"high\"},\"5\":{\"kind\":\"framing_plan\",\"scores\":{},\"confidence\":"}
[2026-05-04T17:48:16.542175Z] {"ts":"2026-05-04T17:48:16.537Z","elapsed_ms":1386621,"type":"CLICK","tag":"BUTTON","id":null,"text":"27","classes":null}
[2026-05-04T17:48:18.441181Z] {"ts":"2026-05-04T17:48:18.435Z","elapsed_ms":1388519,"type":"CLICK","tag":"BUTTON","id":null,"text":"28","classes":null}
[2026-05-04T17:48:33.003601Z] {"ts":"2026-05-04T17:48:32.998Z","elapsed_ms":1403082,"type":"PROJECT_CHANGE","size":9273,"preview":"{\"trade\":\"roofing\",\"bidSetName\":\"B2607 AEA Silverleaf - St Augustine - Accelerated Construction Services (6).pdf\",\"numPages\":40,\"pageClasses\":{\"0\":{\"kind\":\"general_notes\",\"scores\":{},\"confidence\":\"high\"},\"1\":{\"kind\":\"general_notes\",\"scores\":{},\"confidence\":\"high\"},\"2\":{\"kind\":\"general_notes\",\"scores\":{},\"confidence\":\"high\"},\"3\":{\"kind\":\"schedule_sheet\",\"scores\":{},\"confidence\":\"high\"},\"4\":{\"kind\":\"framing_plan\",\"scores\":{},\"confidence\":\"high\"},\"5\":{\"kind\":\"framing_plan\",\"scores\":{},\"confidence\":"}
[2026-05-04T17:48:38.008105Z] {"ts":"2026-05-04T17:48:38.002Z","elapsed_ms":1408086,"type":"PROJECT_CHANGE","size":9444,"preview":"{\"trade\":\"roofing\",\"bidSetName\":\"B2607 AEA Silverleaf - St Augustine - Accelerated Construction Services (6).pdf\",\"numPages\":40,\"pageClasses\":{\"0\":{\"kind\":\"general_notes\",\"scores\":{},\"confidence\":\"high\"},\"1\":{\"kind\":\"general_notes\",\"scores\":{},\"confidence\":\"high\"},\"2\":{\"kind\":\"general_notes\",\"scores\":{},\"confidence\":\"high\"},\"3\":{\"kind\":\"schedule_sheet\",\"scores\":{},\"confidence\":\"high\"},\"4\":{\"kind\":\"framing_plan\",\"scores\":{},\"confidence\":\"high\"},\"5\":{\"kind\":\"framing_plan\",\"scores\":{},\"confidence\":"}
[2026-05-04T17:48:39.937967Z] {"ts":"2026-05-04T17:48:39.932Z","elapsed_ms":1410016,"type":"API_CALL_START","method":"healthCheck","args":[]}
[2026-05-04T17:48:39.951769Z] {"ts":"2026-05-04T17:48:39.947Z","elapsed_ms":1410031,"type":"API_CALL_RESULT","method":"healthCheck","result":{"status":"ok","version":"0.3.0-E.1"}}
[2026-05-04T17:48:43.010232Z] {"ts":"2026-05-04T17:48:43.005Z","elapsed_ms":1413089,"type":"PROJECT_CHANGE","size":9715,"preview":"{\"trade\":\"roofing\",\"bidSetName\":\"B2607 AEA Silverleaf - St Augustine - Accelerated Construction Services (6).pdf\",\"numPages\":40,\"pageClasses\":{\"0\":{\"kind\":\"general_notes\",\"scores\":{},\"confidence\":\"high\"},\"1\":{\"kind\":\"general_notes\",\"scores\":{},\"confidence\":\"high\"},\"2\":{\"kind\":\"general_notes\",\"scores\":{},\"confidence\":\"high\"},\"3\":{\"kind\":\"schedule_sheet\",\"scores\":{},\"confidence\":\"high\"},\"4\":{\"kind\":\"framing_plan\",\"scores\":{},\"confidence\":\"high\"},\"5\":{\"kind\":\"framing_plan\",\"scores\":{},\"confidence\":"}
[2026-05-04T17:48:53.022534Z] {"ts":"2026-05-04T17:48:53.016Z","elapsed_ms":1423100,"type":"PROJECT_CHANGE","size":9988,"preview":"{\"trade\":\"roofing\",\"bidSetName\":\"B2607 AEA Silverleaf - St Augustine - Accelerated Construction Services (6).pdf\",\"numPages\":40,\"pageClasses\":{\"0\":{\"kind\":\"general_notes\",\"scores\":{},\"confidence\":\"high\"},\"1\":{\"kind\":\"general_notes\",\"scores\":{},\"confidence\":\"high\"},\"2\":{\"kind\":\"general_notes\",\"scores\":{},\"confidence\":\"high\"},\"3\":{\"kind\":\"schedule_sheet\",\"scores\":{},\"confidence\":\"high\"},\"4\":{\"kind\":\"framing_plan\",\"scores\":{},\"confidence\":\"high\"},\"5\":{\"kind\":\"framing_plan\",\"scores\":{},\"confidence\":"}
[2026-05-04T17:48:54.102815Z] {"ts":"2026-05-04T17:48:54.098Z","elapsed_ms":1424182,"type":"CLICK","tag":"BUTTON","id":"viewerFullscreenBtn","text":"⛶ FULLSCREEN","classes":"btn"}
[2026-05-04T17:48:56.810363Z] {"ts":"2026-05-04T17:48:56.805Z","elapsed_ms":1426889,"type":"CLICK","tag":"BUTTON","id":null,"text":"✥PAN","classes":"vt-btn"}
[2026-05-04T17:48:56.812807Z] {"ts":"2026-05-04T17:48:56.806Z","elapsed_ms":1426890,"type":"TOOL_SELECT","tool":"pan","id":null}
[2026-05-04T17:49:07.355815Z] {"ts":"2026-05-04T17:49:07.351Z","elapsed_ms":1437435,"type":"CLICK","tag":"BUTTON","id":null,"text":"⬠AREA","classes":"vt-btn"}
[2026-05-04T17:49:07.358580Z] {"ts":"2026-05-04T17:49:07.351Z","elapsed_ms":1437435,"type":"TOOL_SELECT","tool":"polygon","id":null}
[2026-05-04T17:49:09.940409Z] {"ts":"2026-05-04T17:49:09.935Z","elapsed_ms":1440019,"type":"API_CALL_START","method":"healthCheck","args":[]}
[2026-05-04T17:49:09.950620Z] {"ts":"2026-05-04T17:49:09.947Z","elapsed_ms":1440031,"type":"API_CALL_RESULT","method":"healthCheck","result":{"status":"ok","version":"0.3.0-E.1"}}
[2026-05-04T17:49:10.430079Z] {"ts":"2026-05-04T17:49:10.426Z","elapsed_ms":1440510,"type":"CLICK","tag":"BUTTON","id":null,"text":"⊘EXCLUDE","classes":"vt-btn"}
[2026-05-04T17:49:10.432469Z] {"ts":"2026-05-04T17:49:10.426Z","elapsed_ms":1440510,"type":"TOOL_SELECT","tool":"excludeZone","id":null}
[2026-05-04T17:49:39.937221Z] {"ts":"2026-05-04T17:49:39.931Z","elapsed_ms":1470015,"type":"API_CALL_START","method":"healthCheck","args":[]}
[2026-05-04T17:49:39.946686Z] {"ts":"2026-05-04T17:49:39.943Z","elapsed_ms":1470027,"type":"API_CALL_RESULT","method":"healthCheck","result":{"status":"ok","version":"0.3.0-E.1"}}
[2026-05-04T17:49:58.072247Z] {"ts":"2026-05-04T17:49:58.067Z","elapsed_ms":1488151,"type":"PROJECT_CHANGE","size":10258,"preview":"{\"trade\":\"roofing\",\"bidSetName\":\"B2607 AEA Silverleaf - St Augustine - Accelerated Construction Services (6).pdf\",\"numPages\":40,\"pageClasses\":{\"0\":{\"kind\":\"general_notes\",\"scores\":{},\"confidence\":\"high\"},\"1\":{\"kind\":\"general_notes\",\"scores\":{},\"confidence\":\"high\"},\"2\":{\"kind\":\"general_notes\",\"scores\":{},\"confidence\":\"high\"},\"3\":{\"kind\":\"schedule_sheet\",\"scores\":{},\"confidence\":\"high\"},\"4\":{\"kind\":\"framing_plan\",\"scores\":{},\"confidence\":\"high\"},\"5\":{\"kind\":\"framing_plan\",\"scores\":{},\"confidence\":"}
[2026-05-04T17:50:01.570639Z] {"ts":"2026-05-04T17:50:01.566Z","elapsed_ms":1491650,"type":"KEYBOARD","key":"Control","ctrl":true,"alt":false,"shift":false,"meta":false}
[2026-05-04T17:50:01.739699Z] {"ts":"2026-05-04T17:50:01.735Z","elapsed_ms":1491819,"type":"KEYBOARD","key":"Shift","ctrl":true,"alt":false,"shift":true,"meta":false}
[2026-05-04T17:50:09.735376Z] {"ts":"2026-05-04T17:50:09.730Z","elapsed_ms":1499814,"type":"CLICK","tag":"BUTTON","id":null,"text":"⤢ EXIT FULLSCREEN · ESC","classes":"viewer-fullscreen-exit"}
[2026-05-04T17:50:09.930320Z] {"ts":"2026-05-04T17:50:09.926Z","elapsed_ms":1500010,"type":"API_CALL_START","method":"healthCheck","args":[]}
[2026-05-04T17:50:09.942621Z] {"ts":"2026-05-04T17:50:09.937Z","elapsed_ms":1500021,"type":"API_CALL_RESULT","method":"healthCheck","result":{"status":"ok","version":"0.3.0-E.1"}}
[2026-05-04T17:50:28.508985Z] {"ts":"2026-05-04T17:50:28.503Z","elapsed_ms":1518587,"type":"CLICK","tag":"BUTTON","id":null,"text":"⇩ FINALIZE → EXCEL","classes":"btn"}
[2026-05-04T17:50:40.603915Z] {"ts":"2026-05-04T17:50:40.598Z","elapsed_ms":1530682,"type":"API_CALL_START","method":"healthCheck","args":[]}
[2026-05-04T17:50:40.614422Z] {"ts":"2026-05-04T17:50:40.610Z","elapsed_ms":1530694,"type":"API_CALL_RESULT","method":"healthCheck","result":{"status":"ok","version":"0.3.0-E.1"}}
[2026-05-04T17:51:10.616078Z] {"ts":"2026-05-04T17:51:10.610Z","elapsed_ms":1560694,"type":"API_CALL_START","method":"healthCheck","args":[]}
[2026-05-04T17:51:10.626264Z] {"ts":"2026-05-04T17:51:10.622Z","elapsed_ms":1560706,"type":"API_CALL_RESULT","method":"healthCheck","result":{"status":"ok","version":"0.3.0-E.1"}}
[2026-05-04T17:51:50.607306Z] {"ts":"2026-05-04T17:51:50.600Z","elapsed_ms":1600684,"type":"API_CALL_START","method":"healthCheck","args":[]}
[2026-05-04T17:51:50.618320Z] {"ts":"2026-05-04T17:51:50.613Z","elapsed_ms":1600697,"type":"API_CALL_RESULT","method":"healthCheck","result":{"status":"ok","version":"0.3.0-E.1"}}
[2026-05-04T17:52:50.616908Z] {"ts":"2026-05-04T17:52:50.611Z","elapsed_ms":1660695,"type":"API_CALL_START","method":"healthCheck","args":[]}
[2026-05-04T17:52:50.626234Z] {"ts":"2026-05-04T17:52:50.622Z","elapsed_ms":1660706,"type":"API_CALL_RESULT","method":"healthCheck","result":{"status":"ok","version":"0.3.0-E.1"}}
